Archive member included to satisfy reference by file (symbol)

C:/Users/Diego/.pico-sdk/toolchain/14_2_Rel1/bin/../lib/gcc/arm-none-eabi/14.2.1/thumb/v6-m/nofp\libgcc.a(_dvmd_tls.o)
                              CMakeFiles/MPU6050pruebas.dir/C_/Users/Diego/.pico-sdk/sdk/2.1.1/src/rp2_common/pico_divider/divider_hardware.S.obj (__aeabi_idiv0)
C:/Users/Diego/.pico-sdk/toolchain/14_2_Rel1/bin/../lib/gcc/arm-none-eabi/14.2.1/thumb/v6-m/nofp\libg.a(libc_a-calloc.o)
                              CMakeFiles/MPU6050pruebas.dir/C_/Users/Diego/.pico-sdk/sdk/2.1.1/src/rp2_common/pico_malloc/malloc.c.obj (calloc)
C:/Users/Diego/.pico-sdk/toolchain/14_2_Rel1/bin/../lib/gcc/arm-none-eabi/14.2.1/thumb/v6-m/nofp\libg.a(libc_a-callocr.o)
                              C:/Users/Diego/.pico-sdk/toolchain/14_2_Rel1/bin/../lib/gcc/arm-none-eabi/14.2.1/thumb/v6-m/nofp\libg.a(libc_a-calloc.o) (_calloc_r)
C:/Users/Diego/.pico-sdk/toolchain/14_2_Rel1/bin/../lib/gcc/arm-none-eabi/14.2.1/thumb/v6-m/nofp\libg.a(libc_a-malloc.o)
                              CMakeFiles/MPU6050pruebas.dir/C_/Users/Diego/.pico-sdk/sdk/2.1.1/src/rp2_common/pico_malloc/malloc.c.obj (malloc)
C:/Users/Diego/.pico-sdk/toolchain/14_2_Rel1/bin/../lib/gcc/arm-none-eabi/14.2.1/thumb/v6-m/nofp\libg.a(libc_a-mallocr.o)
                              C:/Users/Diego/.pico-sdk/toolchain/14_2_Rel1/bin/../lib/gcc/arm-none-eabi/14.2.1/thumb/v6-m/nofp\libg.a(libc_a-callocr.o) (_malloc_r)
C:/Users/Diego/.pico-sdk/toolchain/14_2_Rel1/bin/../lib/gcc/arm-none-eabi/14.2.1/thumb/v6-m/nofp\libg.a(libc_a-mlock.o)
                              C:/Users/Diego/.pico-sdk/toolchain/14_2_Rel1/bin/../lib/gcc/arm-none-eabi/14.2.1/thumb/v6-m/nofp\libg.a(libc_a-mallocr.o) (__malloc_lock)
C:/Users/Diego/.pico-sdk/toolchain/14_2_Rel1/bin/../lib/gcc/arm-none-eabi/14.2.1/thumb/v6-m/nofp\libg.a(libc_a-realloc.o)
                              CMakeFiles/MPU6050pruebas.dir/C_/Users/Diego/.pico-sdk/sdk/2.1.1/src/rp2_common/pico_malloc/malloc.c.obj (realloc)
C:/Users/Diego/.pico-sdk/toolchain/14_2_Rel1/bin/../lib/gcc/arm-none-eabi/14.2.1/thumb/v6-m/nofp\libg.a(libc_a-reallocr.o)
                              C:/Users/Diego/.pico-sdk/toolchain/14_2_Rel1/bin/../lib/gcc/arm-none-eabi/14.2.1/thumb/v6-m/nofp\libg.a(libc_a-realloc.o) (_realloc_r)
C:/Users/Diego/.pico-sdk/toolchain/14_2_Rel1/bin/../lib/gcc/arm-none-eabi/14.2.1/thumb/v6-m/nofp\libg.a(libc_a-memcmp.o)
                              CMakeFiles/MPU6050pruebas.dir/C_/Users/Diego/.pico-sdk/sdk/2.1.1/src/rp2_common/pico_atomic/atomic.c.obj (memcmp)
C:/Users/Diego/.pico-sdk/toolchain/14_2_Rel1/bin/../lib/gcc/arm-none-eabi/14.2.1/thumb/v6-m/nofp\libg.a(libc_a-memmove.o)
                              C:/Users/Diego/.pico-sdk/toolchain/14_2_Rel1/bin/../lib/gcc/arm-none-eabi/14.2.1/thumb/v6-m/nofp\libg.a(libc_a-reallocr.o) (memmove)
C:/Users/Diego/.pico-sdk/toolchain/14_2_Rel1/bin/../lib/gcc/arm-none-eabi/14.2.1/thumb/v6-m/nofp\libg.a(libc_a-lcltime_r.o)
                              CMakeFiles/MPU6050pruebas.dir/C_/Users/Diego/.pico-sdk/sdk/2.1.1/src/common/pico_util/datetime.c.obj (localtime_r)
C:/Users/Diego/.pico-sdk/toolchain/14_2_Rel1/bin/../lib/gcc/arm-none-eabi/14.2.1/thumb/v6-m/nofp\libg.a(libc_a-mktime.o)
                              CMakeFiles/MPU6050pruebas.dir/C_/Users/Diego/.pico-sdk/sdk/2.1.1/src/common/pico_util/datetime.c.obj (mktime)
C:/Users/Diego/.pico-sdk/toolchain/14_2_Rel1/bin/../lib/gcc/arm-none-eabi/14.2.1/thumb/v6-m/nofp\libg.a(libc_a-month_lengths.o)
                              C:/Users/Diego/.pico-sdk/toolchain/14_2_Rel1/bin/../lib/gcc/arm-none-eabi/14.2.1/thumb/v6-m/nofp\libg.a(libc_a-lcltime_r.o) (__month_lengths)
C:/Users/Diego/.pico-sdk/toolchain/14_2_Rel1/bin/../lib/gcc/arm-none-eabi/14.2.1/thumb/v6-m/nofp\libg.a(libc_a-tzcalc_limits.o)
                              C:/Users/Diego/.pico-sdk/toolchain/14_2_Rel1/bin/../lib/gcc/arm-none-eabi/14.2.1/thumb/v6-m/nofp\libg.a(libc_a-lcltime_r.o) (__tzcalc_limits)
C:/Users/Diego/.pico-sdk/toolchain/14_2_Rel1/bin/../lib/gcc/arm-none-eabi/14.2.1/thumb/v6-m/nofp\libg.a(libc_a-tzlock.o)
                              C:/Users/Diego/.pico-sdk/toolchain/14_2_Rel1/bin/../lib/gcc/arm-none-eabi/14.2.1/thumb/v6-m/nofp\libg.a(libc_a-lcltime_r.o) (__tz_lock)
C:/Users/Diego/.pico-sdk/toolchain/14_2_Rel1/bin/../lib/gcc/arm-none-eabi/14.2.1/thumb/v6-m/nofp\libg.a(libc_a-tzset.o)
                              C:/Users/Diego/.pico-sdk/toolchain/14_2_Rel1/bin/../lib/gcc/arm-none-eabi/14.2.1/thumb/v6-m/nofp\libg.a(libc_a-lcltime_r.o) (_tzset_unlocked)
C:/Users/Diego/.pico-sdk/toolchain/14_2_Rel1/bin/../lib/gcc/arm-none-eabi/14.2.1/thumb/v6-m/nofp\libg.a(libc_a-tzset_r.o)
                              C:/Users/Diego/.pico-sdk/toolchain/14_2_Rel1/bin/../lib/gcc/arm-none-eabi/14.2.1/thumb/v6-m/nofp\libg.a(libc_a-tzset.o) (_tzset_unlocked_r)
C:/Users/Diego/.pico-sdk/toolchain/14_2_Rel1/bin/../lib/gcc/arm-none-eabi/14.2.1/thumb/v6-m/nofp\libg.a(libc_a-tzvars.o)
[...]
Memory Configuration

Name             Origin             Length             Attributes
FLASH            0x10000000         0x00200000         xr
RAM              0x20000000         0x00040000         xrw
SCRATCH_X        0x20040000         0x00001000         xrw
SCRATCH_Y        0x20041000         0x00001000         xrw
*default*        0x00000000         0xffffffff

Linker script and memory map

LOAD C:/Users/Diego/.pico-sdk/toolchain/14_2_Rel1/bin/../lib/gcc/arm-none-eabi/14.2.1/thumb/v6-m/nofp/crti.o
LOAD C:/Users/Diego/.pico-sdk/toolchain/14_2_Rel1/bin/../lib/gcc/arm-none-eabi/14.2.1/thumb/v6-m/nofp/crtbegin.o
LOAD C:/Users/Diego/.pico-sdk/toolchain/14_2_Rel1/bin/../lib/gcc/arm-none-eabi/14.2.1/thumb/v6-m/nofp/crt0.o

.flash_begin    0x10000000        0x0
                0x10000000                        __flash_binary_start = .

.boot2          0x10000000      0x100
                0x10000000                        __boot2_start__ = .
 *(.boot2)
 .boot2         0x10000000      0x100 pico-sdk/src/rp2040/boot_stage2/CMakeFiles/bs2_default_library.dir/./bs2_default_padded_checksummed.S.obj
                0x10000100                        __boot2_end__ = .
                0x00000001                        ASSERT (((__boot2_end__ - __boot2_start__) == 0x100), ERROR: Pico second stage bootloader must be 256 bytes in size)

.text           0x10000100     0x69e4
                0x10000100                        __logical_binary_start = .
 *(.vectors)
 .vectors       0x10000100       0xd4 CMakeFiles/MPU6050pruebas.dir/C_/Users/Diego/.pico-sdk/sdk/2.1.1/src/rp2_common/pico_crt0/crt0.S.obj
                0x10000100                __VECTOR_TABLE
                0x10000100                __vectors
                0x100001c0                isr_invalid
                0x100001c0                __default_isrs_start
                0x100001c2                isr_nmi
                0x100001c4                isr_hardfault
                0x100001c6                isr_svcall
                0x100001c8                isr_pendsv
                0x100001ca                isr_systick
                0x100001cc                isr_irq23
                0x100001cc                isr_irq18
                0x100001cc                isr_irq11
                0x100001cc                isr_irq28
                0x100001cc                isr_irq19
                0x100001cc                isr_irq0
                0x100001cc                isr_irq6
                0x100001cc                isr_irq5
                0x100001cc                isr_irq12
                0x100001cc                isr_irq22
                0x100001cc                isr_irq31
                0x100001cc                isr_irq17
                0x100001cc                isr_irq27
                0x100001cc                isr_irq30
                0x100001cc                isr_irq2
                0x100001cc                isr_irq10
                0x100001cc                isr_irq8
                0x100001cc                isr_irq24
                0x100001cc                isr_irq1
                0x100001cc                isr_irq7
                0x100001cc                isr_irq21
                0x100001cc                isr_irq20
                0x100001cc                isr_irq15
                0x100001cc                isr_irq25
                0x100001cc                isr_irq13
                0x100001cc                __unhandled_user_irq
                0x100001cc                isr_irq4
                0x100001cc                isr_irq16
                0x100001cc                isr_irq29
                0x100001cc                isr_irq26
                0x100001cc                __default_isrs_end
                0x100001cc                isr_irq3
                0x100001cc                isr_irq14
                0x100001cc                isr_irq9
                0x100001d2                unhandled_user_irq_num_in_r0
 *(.binary_info_header)
 .binary_info_header
                0x100001d4       0x14 CMakeFiles/MPU6050pruebas.dir/C_/Users/Diego/.pico-sdk/sdk/2.1.1/src/rp2_common/pico_crt0/crt0.S.obj
                0x100001e8                        __binary_info_header_end = .
 *(.embedded_block)
                0x100001e8                        __embedded_block_end = .
 *(.reset)
 .reset         0x100001e8       0x9c CMakeFiles/MPU6050pruebas.dir/C_/Users/Diego/.pico-sdk/sdk/2.1.1/src/rp2_common/pico_crt0/crt0.S.obj
                0x100001e8                _entry_point
 *(.init)
 .init          0x10000284        0x4 C:/Users/Diego/.pico-sdk/toolchain/14_2_Rel1/bin/../lib/gcc/arm-none-eabi/14.2.1/thumb/v6-m/nofp/crti.o
                0x10000284                _init
 *(EXCLUDE_FILE(*libm.a: *libc.a:*lib_a-mem*.o *libgcc.a:) .text*)
 .text.register_tm_clones
                0x10000288       0x28 C:/Users/Diego/.pico-sdk/toolchain/14_2_Rel1/bin/../lib/gcc/arm-none-eabi/14.2.1/thumb/v6-m/nofp/crtbegin.o
 .text.frame_dummy
                0x100002b0       0x24 C:/Users/Diego/.pico-sdk/toolchain/14_2_Rel1/bin/../lib/gcc/arm-none-eabi/14.2.1/thumb/v6-m/nofp/crtbegin.o
 .text.startup.main
                0x100002d4      0x2a0 CMakeFiles/MPU6050pruebas.dir/MPU6050pruebas.c.obj
                0x100002d4                main
 .text.gpio_set_function
                0x10000574       0x34 CMakeFiles/MPU6050pruebas.dir/C_/Users/Diego/.pico-sdk/sdk/2.1.1/src/rp2_common/hardware_gpio/gpio.c.obj
                0x10000574                gpio_set_function
 .text.gpio_set_pulls
                0x100005a8       0x28 CMakeFiles/MPU6050pruebas.dir/C_/Users/Diego/.pico-sdk/sdk/2.1.1/src/rp2_common/hardware_gpio/gpio.c.obj
                0x100005a8                gpio_set_pulls
 .text.rp2040_chip_version
                0x100005d0        0xc CMakeFiles/MPU6050pruebas.dir/C_/Users/Diego/.pico-sdk/sdk/2.1.1/src/rp2040/pico_platform/platform.c.obj
                0x100005d0                rp2040_chip_version
 .text.panic    0x100005dc       0x30 CMakeFiles/MPU6050pruebas.dir/C_/Users/Diego/.pico-sdk/sdk/2.1.1/src/rp2_common/pico_platform_panic/panic.c.obj
                0x100005dc                panic
 .text.hw_claim_or_assert
                0x1000060c       0x44 CMakeFiles/MPU6050pruebas.dir/C_/Users/Diego/.pico-sdk/sdk/2.1.1/src/common/hardware_claim/claim.c.obj
                0x1000060c                hw_claim_or_assert
 .text.hw_claim_unused_from_range
                0x10000650       0x88 CMakeFiles/MPU6050pruebas.dir/C_/Users/Diego/.pico-sdk/sdk/2.1.1/src/common/hardware_claim/claim.c.obj
                0x10000650                hw_claim_unused_from_range
 .text.next_striped_spin_lock_num
                0x100006d8       0x18 CMakeFiles/MPU6050pruebas.dir/C_/Users/Diego/.pico-sdk/sdk/2.1.1/src/rp2_common/hardware_sync/sync.c.obj
                0x100006d8                next_striped_spin_lock_num
 .text.spin_lock_claim_unused
                0x100006f0       0x24 CMakeFiles/MPU6050pruebas.dir/C_/Users/Diego/.pico-sdk/sdk/2.1.1/src/rp2_common/hardware_sync/sync.c.obj
                0x100006f0                spin_lock_claim_unused
 .text.spin_locks_reset
                0x10000714       0x1c CMakeFiles/MPU6050pruebas.dir/C_/Users/Diego/.pico-sdk/sdk/2.1.1/src/rp2_common/hardware_sync_spin_lock/sync_spin_lock.c.obj
                0x10000714                spin_locks_reset
 .text.runtime_init_per_core_irq_priorities
                0x10000730       0x24 CMakeFiles/MPU6050pruebas.dir/C_/Users/Diego/.pico-sdk/sdk/2.1.1/src/rp2_common/hardware_irq/irq.c.obj
                0x10000730                runtime_init_per_core_irq_priorities
 .text.irq_set_enabled
                0x10000754       0x24 CMakeFiles/MPU6050pruebas.dir/C_/Users/Diego/.pico-sdk/sdk/2.1.1/src/rp2_common/hardware_irq/irq.c.obj
                0x10000754                irq_set_enabled
 .text.irq_is_enabled
                0x10000778       0x18 CMakeFiles/MPU6050pruebas.dir/C_/Users/Diego/.pico-sdk/sdk/2.1.1/src/rp2_common/hardware_irq/irq.c.obj
                0x10000778                irq_is_enabled
 .text.irq_set_pending
                0x10000790       0x10 CMakeFiles/MPU6050pruebas.dir/C_/Users/Diego/.pico-sdk/sdk/2.1.1/src/rp2_common/hardware_irq/irq.c.obj
                0x10000790                irq_set_pending
 .text.irq_has_shared_handler
                0x100007a0       0x24 CMakeFiles/MPU6050pruebas.dir/C_/Users/Diego/.pico-sdk/sdk/2.1.1/src/rp2_common/hardware_irq/irq.c.obj
                0x100007a0                irq_has_shared_handler
 .text.irq_set_exclusive_handler
                0x100007c4       0x54 CMakeFiles/MPU6050pruebas.dir/C_/Users/Diego/.pico-sdk/sdk/2.1.1/src/rp2_common/hardware_irq/irq.c.obj
                0x100007c4                irq_set_exclusive_handler
 .text.irq_add_shared_handler
                0x10000818      0x1f4 CMakeFiles/MPU6050pruebas.dir/C_/Users/Diego/.pico-sdk/sdk/2.1.1/src/rp2_common/hardware_irq/irq.c.obj
                0x10000818                irq_add_shared_handler
 .text.irq_add_tail_to_free_list
                0x10000a0c       0xb4 CMakeFiles/MPU6050pruebas.dir/C_/Users/Diego/.pico-sdk/sdk/2.1.1/src/rp2_common/hardware_irq/irq.c.obj
                0x10000a0c                irq_add_tail_to_free_list
 .text.user_irq_claim_unused
                0x10000ac0       0x2c CMakeFiles/MPU6050pruebas.dir/C_/Users/Diego/.pico-sdk/sdk/2.1.1/src/rp2_common/hardware_irq/irq.c.obj
                0x10000ac0                user_irq_claim_unused
 .text.lock_init
                0x10000aec       0x10 CMakeFiles/MPU6050pruebas.dir/C_/Users/Diego/.pico-sdk/sdk/2.1.1/src/common/pico_sync/lock_core.c.obj
                0x10000aec                lock_init
 .text.runtime_init_mutex
                0x10000afc       0x50 CMakeFiles/MPU6050pruebas.dir/C_/Users/Diego/.pico-sdk/sdk/2.1.1/src/common/pico_sync/mutex.c.obj
                0x10000afc                runtime_init_mutex
 .text.mutex_init
                0x10000b4c       0x1c CMakeFiles/MPU6050pruebas.dir/C_/Users/Diego/.pico-sdk/sdk/2.1.1/src/common/pico_sync/mutex.c.obj
                0x10000b4c                mutex_init
 .text.critical_section_init
                0x10000b68       0x1c CMakeFiles/MPU6050pruebas.dir/C_/Users/Diego/.pico-sdk/sdk/2.1.1/src/common/pico_sync/critical_section.c.obj
                0x10000b68                critical_section_init
 .text.critical_section_init_with_lock_num
                0x10000b84       0x14 CMakeFiles/MPU6050pruebas.dir/C_/Users/Diego/.pico-sdk/sdk/2.1.1/src/common/pico_sync/critical_section.c.obj
                0x10000b84                critical_section_init_with_lock_num
 .text.sleep_until_callback
                0x10000b98       0x30 CMakeFiles/MPU6050pruebas.dir/C_/Users/Diego/.pico-sdk/sdk/2.1.1/src/common/pico_time/time.c.obj
 .text.alarm_pool_irq_handler
                0x10000bc8      0x300 CMakeFiles/MPU6050pruebas.dir/C_/Users/Diego/.pico-sdk/sdk/2.1.1/src/common/pico_time/time.c.obj
 .text.runtime_init_default_alarm_pool
                0x10000ec8       0xdc CMakeFiles/MPU6050pruebas.dir/C_/Users/Diego/.pico-sdk/sdk/2.1.1/src/common/pico_time/time.c.obj
                0x10000ec8                runtime_init_default_alarm_pool
 .text.alarm_pool_get_default
                0x10000fa4        0x8 CMakeFiles/MPU6050pruebas.dir/C_/Users/Diego/.pico-sdk/sdk/2.1.1/src/common/pico_time/time.c.obj
                0x10000fa4                alarm_pool_get_default
 .text.alarm_pool_add_alarm_at
                0x10000fac       0xd0 CMakeFiles/MPU6050pruebas.dir/C_/Users/Diego/.pico-sdk/sdk/2.1.1/src/common/pico_time/time.c.obj
                0x10000fac                alarm_pool_add_alarm_at
 .text.alarm_pool_add_alarm_at_force_in_context
                0x1000107c       0xb0 CMakeFiles/MPU6050pruebas.dir/C_/Users/Diego/.pico-sdk/sdk/2.1.1/src/common/pico_time/time.c.obj
                0x1000107c                alarm_pool_add_alarm_at_force_in_context
 .text.alarm_pool_cancel_alarm
                0x1000112c       0x74 CMakeFiles/MPU6050pruebas.dir/C_/Users/Diego/.pico-sdk/sdk/2.1.1/src/common/pico_time/time.c.obj
                0x1000112c                alarm_pool_cancel_alarm
 .text.alarm_pool_core_num
                0x100011a0        0x4 CMakeFiles/MPU6050pruebas.dir/C_/Users/Diego/.pico-sdk/sdk/2.1.1/src/common/pico_time/time.c.obj
                0x100011a0                alarm_pool_core_num
 .text.sleep_ms
                0x100011a4       0xfc CMakeFiles/MPU6050pruebas.dir/C_/Users/Diego/.pico-sdk/sdk/2.1.1/src/common/pico_time/time.c.obj
                0x100011a4                sleep_ms
 .text.best_effort_wfe_or_timeout
                0x100012a0      0x10c CMakeFiles/MPU6050pruebas.dir/C_/Users/Diego/.pico-sdk/sdk/2.1.1/src/common/pico_time/time.c.obj
                0x100012a0                best_effort_wfe_or_timeout
 .text.timer_hardware_alarm_claim
                0x100013ac       0x14 CMakeFiles/MPU6050pruebas.dir/C_/Users/Diego/.pico-sdk/sdk/2.1.1/src/rp2_common/hardware_timer/timer.c.obj
                0x100013ac                timer_hardware_alarm_claim
 .text.timer_time_us_64
                0x100013c0       0x10 CMakeFiles/MPU6050pruebas.dir/C_/Users/Diego/.pico-sdk/sdk/2.1.1/src/rp2_common/hardware_timer/timer.c.obj
                0x100013c0                timer_time_us_64
 .text.time_us_64
                0x100013d0       0x14 CMakeFiles/MPU6050pruebas.dir/C_/Users/Diego/.pico-sdk/sdk/2.1.1/src/rp2_common/hardware_timer/timer.c.obj
                0x100013d0                time_us_64
 .text.busy_wait_until
                0x100013e4       0x20 CMakeFiles/MPU6050pruebas.dir/C_/Users/Diego/.pico-sdk/sdk/2.1.1/src/rp2_common/hardware_timer/timer.c.obj
                0x100013e4                busy_wait_until
 .text.clock_configure_int_divider
                0x10001404       0xf4 CMakeFiles/MPU6050pruebas.dir/C_/Users/Diego/.pico-sdk/sdk/2.1.1/src/rp2_common/hardware_clocks/clocks.c.obj
                0x10001404                clock_configure_int_divider
 .text.clock_configure_undivided
                0x100014f8       0xe8 CMakeFiles/MPU6050pruebas.dir/C_/Users/Diego/.pico-sdk/sdk/2.1.1/src/rp2_common/hardware_clocks/clocks.c.obj
                0x100014f8                clock_configure_undivided
 .text.clock_get_hz
                0x100015e0        0xc CMakeFiles/MPU6050pruebas.dir/C_/Users/Diego/.pico-sdk/sdk/2.1.1/src/rp2_common/hardware_clocks/clocks.c.obj
                0x100015e0                clock_get_hz
 .text.pll_init
                0x100015ec       0xa4 CMakeFiles/MPU6050pruebas.dir/C_/Users/Diego/.pico-sdk/sdk/2.1.1/src/rp2_common/hardware_pll/pll.c.obj
                0x100015ec                pll_init
 .text.watchdog_reboot
                0x10001690       0x9c CMakeFiles/MPU6050pruebas.dir/C_/Users/Diego/.pico-sdk/sdk/2.1.1/src/rp2_common/hardware_watchdog/watchdog.c.obj
                0x10001690                watchdog_reboot
 .text.tick_start
                0x1000172c       0x10 CMakeFiles/MPU6050pruebas.dir/C_/Users/Diego/.pico-sdk/sdk/2.1.1/src/rp2_common/hardware_ticks/ticks.c.obj
                0x1000172c                tick_start
 .text.rom_func_lookup
                0x1000173c       0x10 CMakeFiles/MPU6050pruebas.dir/C_/Users/Diego/.pico-sdk/sdk/2.1.1/src/rp2_common/pico_bootrom/bootrom.c.obj
                0x1000173c                rom_func_lookup
 .text.rom_data_lookup
                0x1000174c       0x10 CMakeFiles/MPU6050pruebas.dir/C_/Users/Diego/.pico-sdk/sdk/2.1.1/src/rp2_common/pico_bootrom/bootrom.c.obj
                0x1000174c                rom_data_lookup
 .text.rom_funcs_lookup
                0x1000175c       0x44 CMakeFiles/MPU6050pruebas.dir/C_/Users/Diego/.pico-sdk/sdk/2.1.1/src/rp2_common/pico_bootrom/bootrom.c.obj
                0x1000175c                rom_funcs_lookup
 .text.rom_reset_usb_boot_extra
                0x100017a0       0x24 CMakeFiles/MPU6050pruebas.dir/C_/Users/Diego/.pico-sdk/sdk/2.1.1/src/rp2_common/pico_bootrom/bootrom.c.obj
                0x100017a0                rom_reset_usb_boot_extra
 .text.xosc_init
                0x100017c4       0x28 CMakeFiles/MPU6050pruebas.dir/C_/Users/Diego/.pico-sdk/sdk/2.1.1/src/rp2_common/hardware_xosc/xosc.c.obj
                0x100017c4                xosc_init
 .text.first_per_core_initializer
                0x100017ec        0x4 CMakeFiles/MPU6050pruebas.dir/C_/Users/Diego/.pico-sdk/sdk/2.1.1/src/rp2_common/pico_runtime/runtime.c.obj
 .text.hard_assertion_failure
                0x100017f0        0xc CMakeFiles/MPU6050pruebas.dir/C_/Users/Diego/.pico-sdk/sdk/2.1.1/src/rp2_common/pico_runtime/runtime.c.obj
                0x100017f0                hard_assertion_failure
 .text.runtime_run_initializers
                0x100017fc       0x28 CMakeFiles/MPU6050pruebas.dir/C_/Users/Diego/.pico-sdk/sdk/2.1.1/src/rp2_common/pico_runtime/runtime.c.obj
                0x100017fc                runtime_run_initializers
 .text.runtime_init_early_resets
                0x10001824       0x2c CMakeFiles/MPU6050pruebas.dir/C_/Users/Diego/.pico-sdk/sdk/2.1.1/src/rp2_common/pico_runtime_init/runtime_init.c.obj
                0x10001824                runtime_init_early_resets
 .text.runtime_init_usb_power_down
                0x10001850       0x1c CMakeFiles/MPU6050pruebas.dir/C_/Users/Diego/.pico-sdk/sdk/2.1.1/src/rp2_common/pico_runtime_init/runtime_init.c.obj
                0x10001850                runtime_init_usb_power_down
 .text.runtime_init_post_clock_resets
                0x1000186c       0x20 CMakeFiles/MPU6050pruebas.dir/C_/Users/Diego/.pico-sdk/sdk/2.1.1/src/rp2_common/pico_runtime_init/runtime_init.c.obj
                0x1000186c                runtime_init_post_clock_resets
 .text.runtime_init_rp2040_gpio_ie_disable
                0x1000188c       0x14 CMakeFiles/MPU6050pruebas.dir/C_/Users/Diego/.pico-sdk/sdk/2.1.1/src/rp2_common/pico_runtime_init/runtime_init.c.obj
                0x1000188c                runtime_init_rp2040_gpio_ie_disable
 .text.runtime_init_spin_locks_reset
                0x100018a0        0x8 CMakeFiles/MPU6050pruebas.dir/C_/Users/Diego/.pico-sdk/sdk/2.1.1/src/rp2_common/pico_runtime_init/runtime_init.c.obj
                0x100018a0                runtime_init_spin_locks_reset
 .text.runtime_init_install_ram_vector_table
                0x100018a8       0x1c CMakeFiles/MPU6050pruebas.dir/C_/Users/Diego/.pico-sdk/sdk/2.1.1/src/rp2_common/pico_runtime_init/runtime_init.c.obj
                0x100018a8                runtime_init_install_ram_vector_table
 .text.runtime_init_clocks
                0x100018c4       0xd8 CMakeFiles/MPU6050pruebas.dir/C_/Users/Diego/.pico-sdk/sdk/2.1.1/src/rp2_common/pico_runtime_init/runtime_init_clocks.c.obj
                0x100018c4                runtime_init_clocks
 .text          0x1000199c       0x10 CMakeFiles/MPU6050pruebas.dir/C_/Users/Diego/.pico-sdk/sdk/2.1.1/src/rp2_common/pico_bit_ops/bit_ops_aeabi.S.obj
 .text.__wrap___aeabi_idiv
                0x100019ac       0x50 CMakeFiles/MPU6050pruebas.dir/C_/Users/Diego/.pico-sdk/sdk/2.1.1/src/rp2_common/pico_divider/divider_hardware.S.obj
                0x100019ac                __wrap___aeabi_idivmod
                0x100019ac                divmod_s32s32
                0x100019ac                div_s32s32
                0x100019ac                __wrap___aeabi_idiv
                0x100019b4                divmod_s32s32_unsafe
                0x100019e0                divmod_s32s32_savestate
 .text.__wrap___aeabi_uidiv
                0x100019fc       0x4c CMakeFiles/MPU6050pruebas.dir/C_/Users/Diego/.pico-sdk/sdk/2.1.1/src/rp2_common/pico_divider/divider_hardware.S.obj
                0x100019fc                __wrap___aeabi_uidiv
                0x100019fc                __wrap___aeabi_uidivmod
                0x100019fc                div_u32u32
                0x100019fc                divmod_u32u32
                0x10001a04                divmod_u32u32_unsafe
                0x10001a2c                divmod_u32u32_savestate
 .text.__wrap___aeabi_ldiv
                0x10001a48      0x424 CMakeFiles/MPU6050pruebas.dir/C_/Users/Diego/.pico-sdk/sdk/2.1.1/src/rp2_common/pico_divider/divider_hardware.S.obj
                0x10001a48                div_s64s64
                0x10001a48                divmod_s64s64
                0x10001a48                __wrap___aeabi_ldivmod
                0x10001a78                divmod_u64u64
                0x10001a78                div_u64u64
                0x10001a78                __wrap___aeabi_uldivmod
                0x10001a88                divmod_u64u64_savestate
                0x10001aa8                divmod_s64s64_unsafe
                0x10001b30                divmod_u64u64_unsafe
 .text.__wrap___aeabi_darithmetic
                0x10001e6c       0x60 CMakeFiles/MPU6050pruebas.dir/C_/Users/Diego/.pico-sdk/sdk/2.1.1/src/rp2_common/pico_double/double_aeabi_rp2040.S.obj
                0x10001e6c                __wrap___aeabi_drsub
                0x10001e72                __wrap___aeabi_dsub
                0x10001e7c                __wrap___aeabi_dadd
                0x10001e86                __wrap___aeabi_ddiv
                0x10001eba                __wrap___aeabi_dmul
 .text.__wrap___aeabi_cdcmple
                0x10001ecc       0x6c CMakeFiles/MPU6050pruebas.dir/C_/Users/Diego/.pico-sdk/sdk/2.1.1/src/rp2_common/pico_double/double_aeabi_rp2040.S.obj
                0x10001ecc                __wrap___aeabi_cdrcmple
                0x10001edc                __wrap___aeabi_cdcmpeq
                0x10001edc                __wrap___aeabi_cdcmple
 .text.__wrap___aeabi_dcmplt
                0x10001f38        0xc CMakeFiles/MPU6050pruebas.dir/C_/Users/Diego/.pico-sdk/sdk/2.1.1/src/rp2_common/pico_double/double_aeabi_rp2040.S.obj
                0x10001f38                __wrap___aeabi_dcmplt
 .text.__wrap___aeabi_dcmple
                0x10001f44       0x10 CMakeFiles/MPU6050pruebas.dir/C_/Users/Diego/.pico-sdk/sdk/2.1.1/src/rp2_common/pico_double/double_aeabi_rp2040.S.obj
                0x10001f44                __wrap___aeabi_dcmple
 .text.__wrap___aeabi_dcmpge
                0x10001f54       0x10 CMakeFiles/MPU6050pruebas.dir/C_/Users/Diego/.pico-sdk/sdk/2.1.1/src/rp2_common/pico_double/double_aeabi_rp2040.S.obj
                0x10001f54                __wrap___aeabi_dcmpge
 .text.__wrap___aeabi_dcmpgt
                0x10001f64        0xa CMakeFiles/MPU6050pruebas.dir/C_/Users/Diego/.pico-sdk/sdk/2.1.1/src/rp2_common/pico_double/double_aeabi_rp2040.S.obj
                0x10001f64                __wrap___aeabi_dcmpgt
 .text.__wrap___aeabi_dcmpun
                0x10001f6e       0x18 CMakeFiles/MPU6050pruebas.dir/C_/Users/Diego/.pico-sdk/sdk/2.1.1/src/rp2_common/pico_double/double_aeabi_rp2040.S.obj
                0x10001f6e                __wrap___aeabi_dcmpun
 *fill*         0x10001f86        0x2 
 .text.__wrap___aeabi_i2d
                0x10001f88       0x38 CMakeFiles/MPU6050pruebas.dir/C_/Users/Diego/.pico-sdk/sdk/2.1.1/src/rp2_common/pico_double/double_aeabi_rp2040.S.obj
                0x10001f88                uint2double
                0x10001f88                __wrap___aeabi_ui2d
                0x10001f90                int2double
                0x10001f90                __wrap___aeabi_i2d
 .text.__wrap___aeabi_d2iz
                0x10001fc0       0x48 CMakeFiles/MPU6050pruebas.dir/C_/Users/Diego/.pico-sdk/sdk/2.1.1/src/rp2_common/pico_double/double_aeabi_rp2040.S.obj
                0x10001fc0                double2int_z
                0x10001fc0                __wrap___aeabi_d2iz
 .text.__wrap___aeabi_d2uiz
                0x10002008       0x10 CMakeFiles/MPU6050pruebas.dir/C_/Users/Diego/.pico-sdk/sdk/2.1.1/src/rp2_common/pico_double/double_aeabi_rp2040.S.obj
                0x10002008                double2uint
                0x10002008                __wrap___aeabi_d2uiz
                0x10002008                double2uint_z
 .text.__wrap_srqt
                0x10002018       0x10 CMakeFiles/MPU6050pruebas.dir/C_/Users/Diego/.pico-sdk/sdk/2.1.1/src/rp2_common/pico_double/double_aeabi_rp2040.S.obj
                0x10002018                __wrap_sqrt
 .text.__wrap_atan2
                0x10002028       0x10 CMakeFiles/MPU6050pruebas.dir/C_/Users/Diego/.pico-sdk/sdk/2.1.1/src/rp2_common/pico_double/double_aeabi_rp2040.S.obj
                0x10002028                __wrap_atan2
 .text.missing_double_func_shim
                0x10002038        0xc CMakeFiles/MPU6050pruebas.dir/C_/Users/Diego/.pico-sdk/sdk/2.1.1/src/rp2_common/pico_double/double_init_rom_rp2040.c.obj
 .text.__aeabi_double_init
                0x10002044       0xa0 CMakeFiles/MPU6050pruebas.dir/C_/Users/Diego/.pico-sdk/sdk/2.1.1/src/rp2_common/pico_double/double_init_rom_rp2040.c.obj
                0x10002044                __aeabi_double_init
 .text.double_table_shim_on_use_helper
                0x100020e4       0x2c CMakeFiles/MPU6050pruebas.dir/C_/Users/Diego/.pico-sdk/sdk/2.1.1/src/rp2_common/pico_double/double_v1_rom_shim_rp2040.S.obj
                0x100020e4                double_table_shim_on_use_helper
 .text.__aeabi_lmul
                0x10002110       0x32 CMakeFiles/MPU6050pruebas.dir/C_/Users/Diego/.pico-sdk/sdk/2.1.1/src/rp2_common/pico_int64_ops/pico_int64_ops_aeabi.S.obj
                0x10002110                __wrap___aeabi_lmul
 *fill*         0x10002142        0x2 
 .text.missing_float_func_shim
                0x10002144        0xc CMakeFiles/MPU6050pruebas.dir/C_/Users/Diego/.pico-sdk/sdk/2.1.1/src/rp2_common/pico_float/float_init_rom_rp2040.c.obj
 .text.__aeabi_float_init
                0x10002150       0x5c CMakeFiles/MPU6050pruebas.dir/C_/Users/Diego/.pico-sdk/sdk/2.1.1/src/rp2_common/pico_float/float_init_rom_rp2040.c.obj
                0x10002150                __aeabi_float_init
 .text          0x100021ac       0x10 CMakeFiles/MPU6050pruebas.dir/C_/Users/Diego/.pico-sdk/sdk/2.1.1/src/rp2_common/pico_mem_ops/mem_ops_aeabi.S.obj
                0x100021ac                __aeabi_mem_init
 .text.memset   0x100021bc        0xc CMakeFiles/MPU6050pruebas.dir/C_/Users/Diego/.pico-sdk/sdk/2.1.1/src/rp2_common/pico_mem_ops/mem_ops_aeabi.S.obj
                0x100021bc                __wrap_memset
 .text.memcpy   0x100021c8        0xc CMakeFiles/MPU6050pruebas.dir/C_/Users/Diego/.pico-sdk/sdk/2.1.1/src/rp2_common/pico_mem_ops/mem_ops_aeabi.S.obj
                0x100021c8                __wrap_memcpy
                0x100021c8                __wrap___aeabi_memcpy
 .text._out_null
                0x100021d4        0x4 CMakeFiles/MPU6050pruebas.dir/C_/Users/Diego/.pico-sdk/sdk/2.1.1/src/rp2_common/pico_printf/printf.c.obj
 .text._out_rev
                0x100021d8       0xac CMakeFiles/MPU6050pruebas.dir/C_/Users/Diego/.pico-sdk/sdk/2.1.1/src/rp2_common/pico_printf/printf.c.obj
 .text._ntoa_format
                0x10002284      0x1cc CMakeFiles/MPU6050pruebas.dir/C_/Users/Diego/.pico-sdk/sdk/2.1.1/src/rp2_common/pico_printf/printf.c.obj
 .text._out_char
                0x10002450       0x10 CMakeFiles/MPU6050pruebas.dir/C_/Users/Diego/.pico-sdk/sdk/2.1.1/src/rp2_common/pico_printf/printf.c.obj
 .text._out_fct
                0x10002460       0x10 CMakeFiles/MPU6050pruebas.dir/C_/Users/Diego/.pico-sdk/sdk/2.1.1/src/rp2_common/pico_printf/printf.c.obj
 .text._ftoa    0x10002470      0x4a8 CMakeFiles/MPU6050pruebas.dir/C_/Users/Diego/.pico-sdk/sdk/2.1.1/src/rp2_common/pico_printf/printf.c.obj
 .text._etoa    0x10002918      0x57c CMakeFiles/MPU6050pruebas.dir/C_/Users/Diego/.pico-sdk/sdk/2.1.1/src/rp2_common/pico_printf/printf.c.obj
 .text._vsnprintf
                0x10002e94      0xbe0 CMakeFiles/MPU6050pruebas.dir/C_/Users/Diego/.pico-sdk/sdk/2.1.1/src/rp2_common/pico_printf/printf.c.obj
 .text.vfctprintf
                0x10003a74       0x24 CMakeFiles/MPU6050pruebas.dir/C_/Users/Diego/.pico-sdk/sdk/2.1.1/src/rp2_common/pico_printf/printf.c.obj
                0x10003a74                vfctprintf
 .text.weak_raw_vprintf
                0x10003a98       0x30 CMakeFiles/MPU6050pruebas.dir/C_/Users/Diego/.pico-sdk/sdk/2.1.1/src/rp2_common/pico_printf/printf.c.obj
                0x10003a98                weak_raw_vprintf
 .text._exit    0x10003ac8        0x4 CMakeFiles/MPU6050pruebas.dir/C_/Users/Diego/.pico-sdk/sdk/2.1.1/src/rp2_common/pico_clib_interface/newlib_interface.c.obj
                0x10003ac8                _exit
 .text.exit     0x10003acc        0x8 CMakeFiles/MPU6050pruebas.dir/C_/Users/Diego/.pico-sdk/sdk/2.1.1/src/rp2_common/pico_clib_interface/newlib_interface.c.obj
                0x10003acc                exit
 .text.runtime_init
                0x10003ad4       0x2c CMakeFiles/MPU6050pruebas.dir/C_/Users/Diego/.pico-sdk/sdk/2.1.1/src/rp2_common/pico_clib_interface/newlib_interface.c.obj
                0x10003ad4                runtime_init
 .text.stdio_out_chars_no_crlf
                0x10003b00       0x10 CMakeFiles/MPU6050pruebas.dir/C_/Users/Diego/.pico-sdk/sdk/2.1.1/src/rp2_common/pico_stdio/stdio.c.obj
 .text.stdio_out_chars_crlf
                0x10003b10       0xb0 CMakeFiles/MPU6050pruebas.dir/C_/Users/Diego/.pico-sdk/sdk/2.1.1/src/rp2_common/pico_stdio/stdio.c.obj
 .text.stdio_buffered_printer
                0x10003bc0       0x64 CMakeFiles/MPU6050pruebas.dir/C_/Users/Diego/.pico-sdk/sdk/2.1.1/src/rp2_common/pico_stdio/stdio.c.obj
 .text.stdio_put_string
                0x10003c24       0xfc CMakeFiles/MPU6050pruebas.dir/C_/Users/Diego/.pico-sdk/sdk/2.1.1/src/rp2_common/pico_stdio/stdio.c.obj
                0x10003c24                stdio_put_string
 .text.stdio_set_driver_enabled
                0x10003d20       0x30 CMakeFiles/MPU6050pruebas.dir/C_/Users/Diego/.pico-sdk/sdk/2.1.1/src/rp2_common/pico_stdio/stdio.c.obj
                0x10003d20                stdio_set_driver_enabled
 .text.stdio_init_all
                0x10003d50        0x8 CMakeFiles/MPU6050pruebas.dir/C_/Users/Diego/.pico-sdk/sdk/2.1.1/src/rp2_common/pico_stdio/stdio.c.obj
                0x10003d50                stdio_init_all
 .text.__wrap_putchar
                0x10003d58       0x94 CMakeFiles/MPU6050pruebas.dir/C_/Users/Diego/.pico-sdk/sdk/2.1.1/src/rp2_common/pico_stdio/stdio.c.obj
                0x10003d58                __wrap_putchar
                0x10003d58                stdio_putchar
 .text.__wrap_puts
                0x10003dec       0x3c CMakeFiles/MPU6050pruebas.dir/C_/Users/Diego/.pico-sdk/sdk/2.1.1/src/rp2_common/pico_stdio/stdio.c.obj
                0x10003dec                stdio_puts
                0x10003dec                __wrap_puts
 .text.__wrap_vprintf
                0x10003e28       0xcc CMakeFiles/MPU6050pruebas.dir/C_/Users/Diego/.pico-sdk/sdk/2.1.1/src/rp2_common/pico_stdio/stdio.c.obj
                0x10003e28                stdio_vprintf
                0x10003e28                __wrap_vprintf
 .text.__wrap_printf
                0x10003ef4       0x18 CMakeFiles/MPU6050pruebas.dir/C_/Users/Diego/.pico-sdk/sdk/2.1.1/src/rp2_common/pico_stdio/stdio.c.obj
                0x10003ef4                __wrap_printf
                0x10003ef4                stdio_printf
 .text.resetd_init
                0x10003f0c        0x4 CMakeFiles/MPU6050pruebas.dir/C_/Users/Diego/.pico-sdk/sdk/2.1.1/src/rp2_common/pico_stdio_usb/reset_interface.c.obj
 .text.resetd_reset
                0x10003f10        0xc CMakeFiles/MPU6050pruebas.dir/C_/Users/Diego/.pico-sdk/sdk/2.1.1/src/rp2_common/pico_stdio_usb/reset_interface.c.obj
 .text.resetd_open
                0x10003f1c       0x28 CMakeFiles/MPU6050pruebas.dir/C_/Users/Diego/.pico-sdk/sdk/2.1.1/src/rp2_common/pico_stdio_usb/reset_interface.c.obj
 .text.resetd_xfer_cb
                0x10003f44        0x4 CMakeFiles/MPU6050pruebas.dir/C_/Users/Diego/.pico-sdk/sdk/2.1.1/src/rp2_common/pico_stdio_usb/reset_interface.c.obj
 .text.resetd_control_xfer_cb
                0x10003f48       0x54 CMakeFiles/MPU6050pruebas.dir/C_/Users/Diego/.pico-sdk/sdk/2.1.1/src/rp2_common/pico_stdio_usb/reset_interface.c.obj
 .text.tud_descriptor_bos_cb
                0x10003f9c        0x8 CMakeFiles/MPU6050pruebas.dir/C_/Users/Diego/.pico-sdk/sdk/2.1.1/src/rp2_common/pico_stdio_usb/reset_interface.c.obj
                0x10003f9c                tud_descriptor_bos_cb
 .text.tud_vendor_control_xfer_cb
                0x10003fa4       0x34 CMakeFiles/MPU6050pruebas.dir/C_/Users/Diego/.pico-sdk/sdk/2.1.1/src/rp2_common/pico_stdio_usb/reset_interface.c.obj
                0x10003fa4                tud_vendor_control_xfer_cb
 .text.usbd_app_driver_get_cb
                0x10003fd8        0xc CMakeFiles/MPU6050pruebas.dir/C_/Users/Diego/.pico-sdk/sdk/2.1.1/src/rp2_common/pico_stdio_usb/reset_interface.c.obj
                0x10003fd8                usbd_app_driver_get_cb
 .text.tud_cdc_line_coding_cb
                0x10003fe4       0x2c CMakeFiles/MPU6050pruebas.dir/C_/Users/Diego/.pico-sdk/sdk/2.1.1/src/rp2_common/pico_stdio_usb/reset_interface.c.obj
                0x10003fe4                tud_cdc_line_coding_cb
 .text.stdio_usb_set_chars_available_callback
                0x10004010       0x14 CMakeFiles/MPU6050pruebas.dir/C_/Users/Diego/.pico-sdk/sdk/2.1.1/src/rp2_common/pico_stdio_usb/stdio_usb.c.obj
                0x10004010                stdio_usb_set_chars_available_callback
 .text.usb_irq  0x10004024       0x10 CMakeFiles/MPU6050pruebas.dir/C_/Users/Diego/.pico-sdk/sdk/2.1.1/src/rp2_common/pico_stdio_usb/stdio_usb.c.obj
 .text.timer_task
                0x10004034       0x64 CMakeFiles/MPU6050pruebas.dir/C_/Users/Diego/.pico-sdk/sdk/2.1.1/src/rp2_common/pico_stdio_usb/stdio_usb.c.obj
 .text.stdio_usb_in_chars
                0x10004098       0x8c CMakeFiles/MPU6050pruebas.dir/C_/Users/Diego/.pico-sdk/sdk/2.1.1/src/rp2_common/pico_stdio_usb/stdio_usb.c.obj
                0x10004098                stdio_usb_in_chars
 .text.stdio_usb_out_flush
                0x10004124       0x4c CMakeFiles/MPU6050pruebas.dir/C_/Users/Diego/.pico-sdk/sdk/2.1.1/src/rp2_common/pico_stdio_usb/stdio_usb.c.obj
 .text.stdio_usb_out_chars
                0x10004170      0x100 CMakeFiles/MPU6050pruebas.dir/C_/Users/Diego/.pico-sdk/sdk/2.1.1/src/rp2_common/pico_stdio_usb/stdio_usb.c.obj
 .text.low_priority_worker_irq
                0x10004270       0xc8 CMakeFiles/MPU6050pruebas.dir/C_/Users/Diego/.pico-sdk/sdk/2.1.1/src/rp2_common/pico_stdio_usb/stdio_usb.c.obj
 .text.stdio_usb_init
                0x10004338       0xe8 CMakeFiles/MPU6050pruebas.dir/C_/Users/Diego/.pico-sdk/sdk/2.1.1/src/rp2_common/pico_stdio_usb/stdio_usb.c.obj
                0x10004338                stdio_usb_init
 .text.tud_descriptor_device_cb
                0x10004420        0x8 CMakeFiles/MPU6050pruebas.dir/C_/Users/Diego/.pico-sdk/sdk/2.1.1/src/rp2_common/pico_stdio_usb/stdio_usb_descriptors.c.obj
                0x10004420                tud_descriptor_device_cb
 .text.tud_descriptor_configuration_cb
                0x10004428        0x8 CMakeFiles/MPU6050pruebas.dir/C_/Users/Diego/.pico-sdk/sdk/2.1.1/src/rp2_common/pico_stdio_usb/stdio_usb_descriptors.c.obj
                0x10004428                tud_descriptor_configuration_cb
 .text.tud_descriptor_string_cb
                0x10004430       0x78 CMakeFiles/MPU6050pruebas.dir/C_/Users/Diego/.pico-sdk/sdk/2.1.1/src/rp2_common/pico_stdio_usb/stdio_usb_descriptors.c.obj
                0x10004430                tud_descriptor_string_cb
 .text.startup._retrieve_unique_id_on_boot
                0x100044a8       0x10 CMakeFiles/MPU6050pruebas.dir/C_/Users/Diego/.pico-sdk/sdk/2.1.1/src/rp2_common/pico_unique_id/unique_id.c.obj
 .text.pico_get_unique_board_id_string
                0x100044b8      0x1a8 CMakeFiles/MPU6050pruebas.dir/C_/Users/Diego/.pico-sdk/sdk/2.1.1/src/rp2_common/pico_unique_id/unique_id.c.obj
                0x100044b8                pico_get_unique_board_id_string
 .text.flash_get_unique_id
                0x10004660       0x3c CMakeFiles/MPU6050pruebas.dir/C_/Users/Diego/.pico-sdk/sdk/2.1.1/src/rp2_common/hardware_flash/flash.c.obj
                0x10004660                flash_get_unique_id
 .text.dcd_init
                0x1000469c       0x90 CMakeFiles/MPU6050pruebas.dir/C_/Users/Diego/.pico-sdk/sdk/2.1.1/lib/tinyusb/src/portable/raspberrypi/rp2040/dcd_rp2040.c.obj
                0x1000469c                dcd_init
 .text.dcd_int_enable
                0x1000472c        0xc CMakeFiles/MPU6050pruebas.dir/C_/Users/Diego/.pico-sdk/sdk/2.1.1/lib/tinyusb/src/portable/raspberrypi/rp2040/dcd_rp2040.c.obj
                0x1000472c                dcd_int_enable
 .text.dcd_set_address
                0x10004738       0x14 CMakeFiles/MPU6050pruebas.dir/C_/Users/Diego/.pico-sdk/sdk/2.1.1/lib/tinyusb/src/portable/raspberrypi/rp2040/dcd_rp2040.c.obj
                0x10004738                dcd_set_address
 .text.dcd_sof_enable
                0x1000474c       0x1c CMakeFiles/MPU6050pruebas.dir/C_/Users/Diego/.pico-sdk/sdk/2.1.1/lib/tinyusb/src/portable/raspberrypi/rp2040/dcd_rp2040.c.obj
                0x1000474c                dcd_sof_enable
 .text.dcd_edpt0_status_complete
                0x10004768       0x1c CMakeFiles/MPU6050pruebas.dir/C_/Users/Diego/.pico-sdk/sdk/2.1.1/lib/tinyusb/src/portable/raspberrypi/rp2040/dcd_rp2040.c.obj
                0x10004768                dcd_edpt0_status_complete
 .text.dcd_edpt_open
                0x10004784      0x114 CMakeFiles/MPU6050pruebas.dir/C_/Users/Diego/.pico-sdk/sdk/2.1.1/lib/tinyusb/src/portable/raspberrypi/rp2040/dcd_rp2040.c.obj
                0x10004784                dcd_edpt_open
 .text.dcd_edpt_close_all
                0x10004898        0x8 CMakeFiles/MPU6050pruebas.dir/C_/Users/Diego/.pico-sdk/sdk/2.1.1/lib/tinyusb/src/portable/raspberrypi/rp2040/dcd_rp2040.c.obj
                0x10004898                dcd_edpt_close_all
 .text.dcd_edpt_xfer
                0x100048a0       0x24 CMakeFiles/MPU6050pruebas.dir/C_/Users/Diego/.pico-sdk/sdk/2.1.1/lib/tinyusb/src/portable/raspberrypi/rp2040/dcd_rp2040.c.obj
                0x100048a0                dcd_edpt_xfer
 .text.dcd_edpt_stall
                0x100048c4       0x3c CMakeFiles/MPU6050pruebas.dir/C_/Users/Diego/.pico-sdk/sdk/2.1.1/lib/tinyusb/src/portable/raspberrypi/rp2040/dcd_rp2040.c.obj
                0x100048c4                dcd_edpt_stall
 .text.dcd_edpt_clear_stall
                0x10004900       0x30 CMakeFiles/MPU6050pruebas.dir/C_/Users/Diego/.pico-sdk/sdk/2.1.1/lib/tinyusb/src/portable/raspberrypi/rp2040/dcd_rp2040.c.obj
                0x10004900                dcd_edpt_clear_stall
 .text.rp2040_usb_init
                0x10004930       0x40 CMakeFiles/MPU6050pruebas.dir/C_/Users/Diego/.pico-sdk/sdk/2.1.1/lib/tinyusb/src/portable/raspberrypi/rp2040/rp2040_usb.c.obj
                0x10004930                rp2040_usb_init
 .text.hw_endpoint_xfer_start
                0x10004970       0x40 CMakeFiles/MPU6050pruebas.dir/C_/Users/Diego/.pico-sdk/sdk/2.1.1/lib/tinyusb/src/portable/raspberrypi/rp2040/rp2040_usb.c.obj
                0x10004970                hw_endpoint_xfer_start
 .text.tud_event_hook_cb
                0x100049b0        0x4 CMakeFiles/MPU6050pruebas.dir/C_/Users/Diego/.pico-sdk/sdk/2.1.1/lib/tinyusb/src/device/usbd.c.obj
                0x100049b0                tud_event_hook_cb
 .text.tud_sof_cb
                0x100049b4        0x4 CMakeFiles/MPU6050pruebas.dir/C_/Users/Diego/.pico-sdk/sdk/2.1.1/lib/tinyusb/src/device/usbd.c.obj
                0x100049b4                tud_sof_cb
 .text.tud_descriptor_device_qualifier_cb
                0x100049b8        0x4 CMakeFiles/MPU6050pruebas.dir/C_/Users/Diego/.pico-sdk/sdk/2.1.1/lib/tinyusb/src/device/usbd.c.obj
                0x100049b8                tud_descriptor_device_qualifier_cb
 .text.tud_descriptor_other_speed_configuration_cb
                0x100049bc        0x4 CMakeFiles/MPU6050pruebas.dir/C_/Users/Diego/.pico-sdk/sdk/2.1.1/lib/tinyusb/src/device/usbd.c.obj
                0x100049bc                tud_descriptor_other_speed_configuration_cb
 .text.tud_mount_cb
                0x100049c0        0x4 CMakeFiles/MPU6050pruebas.dir/C_/Users/Diego/.pico-sdk/sdk/2.1.1/lib/tinyusb/src/device/usbd.c.obj
                0x100049c0                tud_mount_cb
 .text.tud_umount_cb
                0x100049c4        0x4 CMakeFiles/MPU6050pruebas.dir/C_/Users/Diego/.pico-sdk/sdk/2.1.1/lib/tinyusb/src/device/usbd.c.obj
                0x100049c4                tud_umount_cb
 .text.tud_suspend_cb
                0x100049c8        0x4 CMakeFiles/MPU6050pruebas.dir/C_/Users/Diego/.pico-sdk/sdk/2.1.1/lib/tinyusb/src/device/usbd.c.obj
                0x100049c8                tud_suspend_cb
 .text.tud_resume_cb
                0x100049cc        0x4 CMakeFiles/MPU6050pruebas.dir/C_/Users/Diego/.pico-sdk/sdk/2.1.1/lib/tinyusb/src/device/usbd.c.obj
                0x100049cc                tud_resume_cb
 .text.tud_mounted
                0x100049d0       0x10 CMakeFiles/MPU6050pruebas.dir/C_/Users/Diego/.pico-sdk/sdk/2.1.1/lib/tinyusb/src/device/usbd.c.obj
                0x100049d0                tud_mounted
 .text.tud_suspended
                0x100049e0       0x10 CMakeFiles/MPU6050pruebas.dir/C_/Users/Diego/.pico-sdk/sdk/2.1.1/lib/tinyusb/src/device/usbd.c.obj
                0x100049e0                tud_suspended
 .text.tud_rhport_init
                0x100049f0       0xf4 CMakeFiles/MPU6050pruebas.dir/C_/Users/Diego/.pico-sdk/sdk/2.1.1/lib/tinyusb/src/device/usbd.c.obj
                0x100049f0                tud_rhport_init
 .text.tud_task_ext
                0x10004ae4      0x800 CMakeFiles/MPU6050pruebas.dir/C_/Users/Diego/.pico-sdk/sdk/2.1.1/lib/tinyusb/src/device/usbd.c.obj
                0x10004ae4                tud_task_ext
 .text.usbd_open_edpt_pair
                0x100052e4       0x9c CMakeFiles/MPU6050pruebas.dir/C_/Users/Diego/.pico-sdk/sdk/2.1.1/lib/tinyusb/src/device/usbd.c.obj
                0x100052e4                usbd_open_edpt_pair
 .text.usbd_edpt_open
                0x10005380       0x34 CMakeFiles/MPU6050pruebas.dir/C_/Users/Diego/.pico-sdk/sdk/2.1.1/lib/tinyusb/src/device/usbd.c.obj
                0x10005380                usbd_edpt_open
 .text.usbd_edpt_claim
                0x100053b4       0x28 CMakeFiles/MPU6050pruebas.dir/C_/Users/Diego/.pico-sdk/sdk/2.1.1/lib/tinyusb/src/device/usbd.c.obj
                0x100053b4                usbd_edpt_claim
 .text.usbd_edpt_release
                0x100053dc       0x28 CMakeFiles/MPU6050pruebas.dir/C_/Users/Diego/.pico-sdk/sdk/2.1.1/lib/tinyusb/src/device/usbd.c.obj
                0x100053dc                usbd_edpt_release
 .text.usbd_edpt_xfer
                0x10005404       0x4c CMakeFiles/MPU6050pruebas.dir/C_/Users/Diego/.pico-sdk/sdk/2.1.1/lib/tinyusb/src/device/usbd.c.obj
                0x10005404                usbd_edpt_xfer
 .text.tud_control_status
                0x10005450       0x2c CMakeFiles/MPU6050pruebas.dir/C_/Users/Diego/.pico-sdk/sdk/2.1.1/lib/tinyusb/src/device/usbd_control.c.obj
                0x10005450                tud_control_status
 .text.tud_control_xfer
                0x1000547c       0xa8 CMakeFiles/MPU6050pruebas.dir/C_/Users/Diego/.pico-sdk/sdk/2.1.1/lib/tinyusb/src/device/usbd_control.c.obj
                0x1000547c                tud_control_xfer
 .text.usbd_control_reset
                0x10005524       0x14 CMakeFiles/MPU6050pruebas.dir/C_/Users/Diego/.pico-sdk/sdk/2.1.1/lib/tinyusb/src/device/usbd_control.c.obj
                0x10005524                usbd_control_reset
 .text.usbd_control_set_complete_callback
                0x10005538        0xc CMakeFiles/MPU6050pruebas.dir/C_/Users/Diego/.pico-sdk/sdk/2.1.1/lib/tinyusb/src/device/usbd_control.c.obj
                0x10005538                usbd_control_set_complete_callback
 .text.usbd_control_set_request
                0x10005544       0x1c CMakeFiles/MPU6050pruebas.dir/C_/Users/Diego/.pico-sdk/sdk/2.1.1/lib/tinyusb/src/device/usbd_control.c.obj
                0x10005544                usbd_control_set_request
 .text.usbd_control_xfer_cb
                0x10005560       0xec CMakeFiles/MPU6050pruebas.dir/C_/Users/Diego/.pico-sdk/sdk/2.1.1/lib/tinyusb/src/device/usbd_control.c.obj
                0x10005560                usbd_control_xfer_cb
 .text._prep_out_transaction.isra.0
                0x1000564c       0x6c CMakeFiles/MPU6050pruebas.dir/C_/Users/Diego/.pico-sdk/sdk/2.1.1/lib/tinyusb/src/class/cdc/cdc_device.c.obj
 .text.tud_cdc_n_connected
                0x100056b8       0x2c CMakeFiles/MPU6050pruebas.dir/C_/Users/Diego/.pico-sdk/sdk/2.1.1/lib/tinyusb/src/class/cdc/cdc_device.c.obj
                0x100056b8                tud_cdc_n_connected
 .text.tud_cdc_n_available
                0x100056e4       0x14 CMakeFiles/MPU6050pruebas.dir/C_/Users/Diego/.pico-sdk/sdk/2.1.1/lib/tinyusb/src/class/cdc/cdc_device.c.obj
                0x100056e4                tud_cdc_n_available
 .text.tud_cdc_n_read
                0x100056f8       0x88 CMakeFiles/MPU6050pruebas.dir/C_/Users/Diego/.pico-sdk/sdk/2.1.1/lib/tinyusb/src/class/cdc/cdc_device.c.obj
                0x100056f8                tud_cdc_n_read
 .text.tud_cdc_n_write_flush
                0x10005780       0x74 CMakeFiles/MPU6050pruebas.dir/C_/Users/Diego/.pico-sdk/sdk/2.1.1/lib/tinyusb/src/class/cdc/cdc_device.c.obj
                0x10005780                tud_cdc_n_write_flush
 .text.tud_cdc_n_write
                0x100057f4       0x40 CMakeFiles/MPU6050pruebas.dir/C_/Users/Diego/.pico-sdk/sdk/2.1.1/lib/tinyusb/src/class/cdc/cdc_device.c.obj
                0x100057f4                tud_cdc_n_write
 .text.tud_cdc_n_write_available
                0x10005834       0x14 CMakeFiles/MPU6050pruebas.dir/C_/Users/Diego/.pico-sdk/sdk/2.1.1/lib/tinyusb/src/class/cdc/cdc_device.c.obj
                0x10005834                tud_cdc_n_write_available
 .text.cdcd_init
                0x10005848       0x70 CMakeFiles/MPU6050pruebas.dir/C_/Users/Diego/.pico-sdk/sdk/2.1.1/lib/tinyusb/src/class/cdc/cdc_device.c.obj
                0x10005848                cdcd_init
 .text.cdcd_deinit
                0x100058b8       0x30 CMakeFiles/MPU6050pruebas.dir/C_/Users/Diego/.pico-sdk/sdk/2.1.1/lib/tinyusb/src/class/cdc/cdc_device.c.obj
                0x100058b8                cdcd_deinit
 .text.cdcd_reset
                0x100058e8       0x4c CMakeFiles/MPU6050pruebas.dir/C_/Users/Diego/.pico-sdk/sdk/2.1.1/lib/tinyusb/src/class/cdc/cdc_device.c.obj
                0x100058e8                cdcd_reset
 .text.cdcd_open
                0x10005934       0xa4 CMakeFiles/MPU6050pruebas.dir/C_/Users/Diego/.pico-sdk/sdk/2.1.1/lib/tinyusb/src/class/cdc/cdc_device.c.obj
                0x10005934                cdcd_open
 .text.cdcd_control_xfer_cb
                0x100059d8       0xe8 CMakeFiles/MPU6050pruebas.dir/C_/Users/Diego/.pico-sdk/sdk/2.1.1/lib/tinyusb/src/class/cdc/cdc_device.c.obj
                0x100059d8                cdcd_control_xfer_cb
 .text.cdcd_xfer_cb
                0x10005ac0      0x100 CMakeFiles/MPU6050pruebas.dir/C_/Users/Diego/.pico-sdk/sdk/2.1.1/lib/tinyusb/src/class/cdc/cdc_device.c.obj
                0x10005ac0                cdcd_xfer_cb
 .text.vendord_init
                0x10005bc0       0x5c CMakeFiles/MPU6050pruebas.dir/C_/Users/Diego/.pico-sdk/sdk/2.1.1/lib/tinyusb/src/class/vendor/vendor_device.c.obj
                0x10005bc0                vendord_init
 .text.vendord_deinit
                0x10005c1c       0x1c CMakeFiles/MPU6050pruebas.dir/C_/Users/Diego/.pico-sdk/sdk/2.1.1/lib/tinyusb/src/class/vendor/vendor_device.c.obj
                0x10005c1c                vendord_deinit
 .text.vendord_reset
                0x10005c38       0x28 CMakeFiles/MPU6050pruebas.dir/C_/Users/Diego/.pico-sdk/sdk/2.1.1/lib/tinyusb/src/class/vendor/vendor_device.c.obj
                0x10005c38                vendord_reset
 .text.vendord_open
                0x10005c60      0x120 CMakeFiles/MPU6050pruebas.dir/C_/Users/Diego/.pico-sdk/sdk/2.1.1/lib/tinyusb/src/class/vendor/vendor_device.c.obj
                0x10005c60                vendord_open
 .text.vendord_xfer_cb
                0x10005d80       0x9c CMakeFiles/MPU6050pruebas.dir/C_/Users/Diego/.pico-sdk/sdk/2.1.1/lib/tinyusb/src/class/vendor/vendor_device.c.obj
                0x10005d80                vendord_xfer_cb
 .text.tusb_rhport_init
                0x10005e1c       0x4c CMakeFiles/MPU6050pruebas.dir/C_/Users/Diego/.pico-sdk/sdk/2.1.1/lib/tinyusb/src/tusb.c.obj
                0x10005e1c                tusb_rhport_init
 .text.tu_edpt_claim
                0x10005e68       0x50 CMakeFiles/MPU6050pruebas.dir/C_/Users/Diego/.pico-sdk/sdk/2.1.1/lib/tinyusb/src/tusb.c.obj
                0x10005e68                tu_edpt_claim
 .text.tu_edpt_release
                0x10005eb8       0x38 CMakeFiles/MPU6050pruebas.dir/C_/Users/Diego/.pico-sdk/sdk/2.1.1/lib/tinyusb/src/tusb.c.obj
                0x10005eb8                tu_edpt_release
 .text.tu_edpt_validate
                0x10005ef0       0x7c CMakeFiles/MPU6050pruebas.dir/C_/Users/Diego/.pico-sdk/sdk/2.1.1/lib/tinyusb/src/tusb.c.obj
                0x10005ef0                tu_edpt_validate
 .text.tu_edpt_bind_driver
                0x10005f6c       0x34 CMakeFiles/MPU6050pruebas.dir/C_/Users/Diego/.pico-sdk/sdk/2.1.1/lib/tinyusb/src/tusb.c.obj
                0x10005f6c                tu_edpt_bind_driver
 .text.tu_edpt_stream_init
                0x10005fa0       0x6c CMakeFiles/MPU6050pruebas.dir/C_/Users/Diego/.pico-sdk/sdk/2.1.1/lib/tinyusb/src/tusb.c.obj
                0x10005fa0                tu_edpt_stream_init
 .text.tu_edpt_stream_deinit
                0x1000600c        0x4 CMakeFiles/MPU6050pruebas.dir/C_/Users/Diego/.pico-sdk/sdk/2.1.1/lib/tinyusb/src/tusb.c.obj
                0x1000600c                tu_edpt_stream_deinit
 .text.tu_edpt_stream_write_zlp_if_needed
                0x10006010       0x68 CMakeFiles/MPU6050pruebas.dir/C_/Users/Diego/.pico-sdk/sdk/2.1.1/lib/tinyusb/src/tusb.c.obj
                0x10006010                tu_edpt_stream_write_zlp_if_needed
 .text.tu_edpt_stream_write_xfer
                0x10006078       0x68 CMakeFiles/MPU6050pruebas.dir/C_/Users/Diego/.pico-sdk/sdk/2.1.1/lib/tinyusb/src/tusb.c.obj
                0x10006078                tu_edpt_stream_write_xfer
 .text.tu_edpt_stream_read_xfer
                0x100060e0       0xd8 CMakeFiles/MPU6050pruebas.dir/C_/Users/Diego/.pico-sdk/sdk/2.1.1/lib/tinyusb/src/tusb.c.obj
                0x100060e0                tu_edpt_stream_read_xfer
 .text.tu_fifo_config
                0x100061b8       0x6c CMakeFiles/MPU6050pruebas.dir/C_/Users/Diego/.pico-sdk/sdk/2.1.1/lib/tinyusb/src/common/tusb_fifo.c.obj
                0x100061b8                tu_fifo_config
 .text.tu_fifo_count
                0x10006224       0x2c CMakeFiles/MPU6050pruebas.dir/C_/Users/Diego/.pico-sdk/sdk/2.1.1/lib/tinyusb/src/common/tusb_fifo.c.obj
                0x10006224                tu_fifo_count
 .text.tu_fifo_empty
                0x10006250       0x10 CMakeFiles/MPU6050pruebas.dir/C_/Users/Diego/.pico-sdk/sdk/2.1.1/lib/tinyusb/src/common/tusb_fifo.c.obj
                0x10006250                tu_fifo_empty
 .text.tu_fifo_remaining
                0x10006260       0x2c CMakeFiles/MPU6050pruebas.dir/C_/Users/Diego/.pico-sdk/sdk/2.1.1/lib/tinyusb/src/common/tusb_fifo.c.obj
                0x10006260                tu_fifo_remaining
 .text.tu_fifo_read
                0x1000628c       0x9c CMakeFiles/MPU6050pruebas.dir/C_/Users/Diego/.pico-sdk/sdk/2.1.1/lib/tinyusb/src/common/tusb_fifo.c.obj
                0x1000628c                tu_fifo_read
 .text.tu_fifo_read_n
                0x10006328       0xe8 CMakeFiles/MPU6050pruebas.dir/C_/Users/Diego/.pico-sdk/sdk/2.1.1/lib/tinyusb/src/common/tusb_fifo.c.obj
                0x10006328                tu_fifo_read_n
 .text.tu_fifo_write
                0x10006410       0xa4 CMakeFiles/MPU6050pruebas.dir/C_/Users/Diego/.pico-sdk/sdk/2.1.1/lib/tinyusb/src/common/tusb_fifo.c.obj
                0x10006410                tu_fifo_write
 .text.tu_fifo_write_n
                0x100064b4      0x178 CMakeFiles/MPU6050pruebas.dir/C_/Users/Diego/.pico-sdk/sdk/2.1.1/lib/tinyusb/src/common/tusb_fifo.c.obj
                0x100064b4                tu_fifo_write_n
 .text.tu_fifo_clear
                0x1000662c       0x40 CMakeFiles/MPU6050pruebas.dir/C_/Users/Diego/.pico-sdk/sdk/2.1.1/lib/tinyusb/src/common/tusb_fifo.c.obj
                0x1000662c                tu_fifo_clear
 .text.tu_fifo_set_overwritable
                0x1000666c       0x48 CMakeFiles/MPU6050pruebas.dir/C_/Users/Diego/.pico-sdk/sdk/2.1.1/lib/tinyusb/src/common/tusb_fifo.c.obj
                0x1000666c                tu_fifo_set_overwritable
 .text.i2c_read_blocking_internal.constprop.0
                0x100066b4       0x98 CMakeFiles/MPU6050pruebas.dir/C_/Users/Diego/.pico-sdk/sdk/2.1.1/src/rp2_common/hardware_i2c/i2c.c.obj
 .text.i2c_write_blocking_internal.constprop.0
                0x1000674c       0xf8 CMakeFiles/MPU6050pruebas.dir/C_/Users/Diego/.pico-sdk/sdk/2.1.1/src/rp2_common/hardware_i2c/i2c.c.obj
 .text.i2c_set_baudrate
                0x10006844       0xc0 CMakeFiles/MPU6050pruebas.dir/C_/Users/Diego/.pico-sdk/sdk/2.1.1/src/rp2_common/hardware_i2c/i2c.c.obj
                0x10006844                i2c_set_baudrate
 .text.i2c_init
                0x10006904       0x50 CMakeFiles/MPU6050pruebas.dir/C_/Users/Diego/.pico-sdk/sdk/2.1.1/src/rp2_common/hardware_i2c/i2c.c.obj
                0x10006904                i2c_init
 .text.i2c_write_blocking
                0x10006954       0x14 CMakeFiles/MPU6050pruebas.dir/C_/Users/Diego/.pico-sdk/sdk/2.1.1/src/rp2_common/hardware_i2c/i2c.c.obj
                0x10006954                i2c_write_blocking
 .text.i2c_read_blocking
                0x10006968       0x14 CMakeFiles/MPU6050pruebas.dir/C_/Users/Diego/.pico-sdk/sdk/2.1.1/src/rp2_common/hardware_i2c/i2c.c.obj
                0x10006968                i2c_read_blocking
 .text.strlen   0x1000697c       0x5c C:/Users/Diego/.pico-sdk/toolchain/14_2_Rel1/bin/../lib/gcc/arm-none-eabi/14.2.1/thumb/v6-m/nofp\libg.a(libc_a-strlen-stub.o)
                0x1000697c                strlen
 *(.fini)
 .fini          0x100069d8        0x4 C:/Users/Diego/.pico-sdk/toolchain/14_2_Rel1/bin/../lib/gcc/arm-none-eabi/14.2.1/thumb/v6-m/nofp/crti.o
                0x100069d8                _fini
 *fill*         0x100069dc        0x4 
 .fini.__stub   0x100069e0       0xc0 linker stubs
 *crtbegin.o(.ctors)
 *crtbegin?.o(.ctors)
 *(EXCLUDE_FILE(*crtend.o *crtend?.o) .ctors)
 *(SORT_BY_NAME(.ctors.*))
 *(.ctors)
 *crtbegin.o(.dtors)
 *crtbegin?.o(.dtors)
 *(EXCLUDE_FILE(*crtend.o *crtend?.o) .dtors)
 *(SORT_BY_NAME(.dtors.*))
 *(.dtors)
                0x10006aa0                        . = ALIGN (0x4)
                0x10006aa0                        PROVIDE (__preinit_array_start = .)
 *(SORT_BY_NAME(.preinit_array.*))
 .preinit_array.00100
                0x10006aa0        0x4 CMakeFiles/MPU6050pruebas.dir/C_/Users/Diego/.pico-sdk/sdk/2.1.1/src/rp2_common/pico_runtime_init/runtime_init.c.obj
                0x10006aa0                __pre_init_runtime_init_early_resets
 .preinit_array.00101
                0x10006aa4        0x4 CMakeFiles/MPU6050pruebas.dir/C_/Users/Diego/.pico-sdk/sdk/2.1.1/src/rp2_common/pico_runtime_init/runtime_init.c.obj
                0x10006aa4                __pre_init_runtime_init_usb_power_down
 .preinit_array.00275
                0x10006aa8        0x4 CMakeFiles/MPU6050pruebas.dir/C_/Users/Diego/.pico-sdk/sdk/2.1.1/src/rp2_common/pico_bit_ops/bit_ops_aeabi.S.obj
 .preinit_array.00300
                0x10006aac        0x4 CMakeFiles/MPU6050pruebas.dir/C_/Users/Diego/.pico-sdk/sdk/2.1.1/src/rp2_common/pico_mem_ops/mem_ops_aeabi.S.obj
 .preinit_array.00350
                0x10006ab0        0x4 CMakeFiles/MPU6050pruebas.dir/C_/Users/Diego/.pico-sdk/sdk/2.1.1/src/rp2_common/pico_double/double_aeabi_rp2040.S.obj
 .preinit_array.00350
                0x10006ab4        0x4 CMakeFiles/MPU6050pruebas.dir/C_/Users/Diego/.pico-sdk/sdk/2.1.1/src/rp2_common/pico_float/float_aeabi_rp2040.S.obj
 .preinit_array.00500
                0x10006ab8        0x4 CMakeFiles/MPU6050pruebas.dir/C_/Users/Diego/.pico-sdk/sdk/2.1.1/src/rp2_common/pico_runtime_init/runtime_init.c.obj
                0x10006ab8                __pre_init_runtime_init_clocks
 .preinit_array.00600
                0x10006abc        0x4 CMakeFiles/MPU6050pruebas.dir/C_/Users/Diego/.pico-sdk/sdk/2.1.1/src/rp2_common/pico_runtime_init/runtime_init.c.obj
                0x10006abc                __pre_init_runtime_init_post_clock_resets
 .preinit_array.00700
                0x10006ac0        0x4 CMakeFiles/MPU6050pruebas.dir/C_/Users/Diego/.pico-sdk/sdk/2.1.1/src/rp2_common/pico_runtime_init/runtime_init.c.obj
                0x10006ac0                __pre_init_runtime_init_rp2040_gpio_ie_disable
 .preinit_array.01000
                0x10006ac4        0x4 CMakeFiles/MPU6050pruebas.dir/C_/Users/Diego/.pico-sdk/sdk/2.1.1/src/rp2_common/pico_runtime_init/runtime_init.c.obj
                0x10006ac4                __pre_init_runtime_init_spin_locks_reset
 .preinit_array.01100
                0x10006ac8        0x4 CMakeFiles/MPU6050pruebas.dir/C_/Users/Diego/.pico-sdk/sdk/2.1.1/src/common/pico_sync/mutex.c.obj
                0x10006ac8                __pre_init_runtime_init_mutex
 .preinit_array.10080
                0x10006acc        0x4 CMakeFiles/MPU6050pruebas.dir/C_/Users/Diego/.pico-sdk/sdk/2.1.1/src/rp2_common/pico_runtime_init/runtime_init.c.obj
                0x10006acc                __pre_init_runtime_init_install_ram_vector_table
 .preinit_array.11000
                0x10006ad0        0x4 CMakeFiles/MPU6050pruebas.dir/C_/Users/Diego/.pico-sdk/sdk/2.1.1/src/common/pico_time/time.c.obj
                0x10006ad0                __pre_init_runtime_init_default_alarm_pool
 .preinit_array.YYYYY
                0x10006ad4        0x4 CMakeFiles/MPU6050pruebas.dir/C_/Users/Diego/.pico-sdk/sdk/2.1.1/src/rp2_common/pico_runtime/runtime.c.obj
                0x10006ad4                __pre_init_first_per_core_initializer
 .preinit_array.ZZZZZ.01200
                0x10006ad8        0x4 CMakeFiles/MPU6050pruebas.dir/C_/Users/Diego/.pico-sdk/sdk/2.1.1/src/rp2_common/hardware_irq/irq.c.obj
                0x10006ad8                __pre_init_runtime_init_per_core_irq_priorities
 *(.preinit_array)
                0x10006adc                        PROVIDE (__preinit_array_end = .)
                0x10006adc                        . = ALIGN (0x4)
                0x10006adc                        PROVIDE (__init_array_start = .)
 *(SORT_BY_NAME(.init_array.*))
 *(.init_array)
 .init_array    0x10006adc        0x4 C:/Users/Diego/.pico-sdk/toolchain/14_2_Rel1/bin/../lib/gcc/arm-none-eabi/14.2.1/thumb/v6-m/nofp/crtbegin.o
 .init_array    0x10006ae0        0x4 CMakeFiles/MPU6050pruebas.dir/C_/Users/Diego/.pico-sdk/sdk/2.1.1/src/rp2_common/pico_unique_id/unique_id.c.obj
                0x10006ae4                        PROVIDE (__init_array_end = .)
                0x10006ae4                        . = ALIGN (0x4)
                [!provide]                        PROVIDE (__fini_array_start = .)
 *(SORT_BY_NAME(.fini_array.*))
 *(.fini_array)
                [!provide]                        PROVIDE (__fini_array_end = .)
 *(.eh_frame*)
 .eh_frame      0x10006ae4        0x0 C:/Users/Diego/.pico-sdk/toolchain/14_2_Rel1/bin/../lib/gcc/arm-none-eabi/14.2.1/thumb/v6-m/nofp/crtbegin.o
                0x10006ae4                        . = ALIGN (0x4)

.glue_7         0x10006ae4        0x0
 .glue_7        0x10006ae4        0x0 linker stubs

.glue_7t        0x10006ae4        0x0
 .glue_7t       0x10006ae4        0x0 linker stubs

.vfp11_veneer   0x10006ae4        0x0
 .vfp11_veneer  0x10006ae4        0x0 linker stubs

.v4_bx          0x10006ae4        0x0
 .v4_bx         0x10006ae4        0x0 linker stubs

.iplt           0x10006ae4        0x0
 .iplt          0x10006ae4        0x0 C:/Users/Diego/.pico-sdk/toolchain/14_2_Rel1/bin/../lib/gcc/arm-none-eabi/14.2.1/thumb/v6-m/nofp/crtbegin.o

.rodata         0x10006ae8      0x6fc
 *(EXCLUDE_FILE(*libm.a: *libc.a:*lib_a-mem*.o *libgcc.a:) .rodata*)
 .rodata.main.str1.4
                0x10006ae8      0x240 CMakeFiles/MPU6050pruebas.dir/MPU6050pruebas.c.obj
                                 0xb0 (size before relaxing)
 .rodata.__bi_101.0
                0x10006d28        0x8 CMakeFiles/MPU6050pruebas.dir/MPU6050pruebas.c.obj
 .rodata.panic.str1.4
                0x10006d30       0x12 CMakeFiles/MPU6050pruebas.dir/C_/Users/Diego/.pico-sdk/sdk/2.1.1/src/rp2_common/pico_platform_panic/panic.c.obj
 .rodata.spin_lock_claim_unused.str1.4
                0x10006d30       0x1b CMakeFiles/MPU6050pruebas.dir/C_/Users/Diego/.pico-sdk/sdk/2.1.1/src/rp2_common/hardware_sync/sync.c.obj
 .rodata.user_irq_claim_unused.str1.4
                0x10006d30       0x1b CMakeFiles/MPU6050pruebas.dir/C_/Users/Diego/.pico-sdk/sdk/2.1.1/src/rp2_common/hardware_irq/irq.c.obj
 .rodata.timer_hardware_alarm_claim.str1.4
                0x10006d30       0x22 CMakeFiles/MPU6050pruebas.dir/C_/Users/Diego/.pico-sdk/sdk/2.1.1/src/rp2_common/hardware_timer/timer.c.obj
 .rodata.hard_assertion_failure.str1.4
                0x10006d30        0xc CMakeFiles/MPU6050pruebas.dir/C_/Users/Diego/.pico-sdk/sdk/2.1.1/src/rp2_common/pico_runtime/runtime.c.obj
 .rodata.missing_double_func_shim.str1.4
                0x10006d30       0x18 CMakeFiles/MPU6050pruebas.dir/C_/Users/Diego/.pico-sdk/sdk/2.1.1/src/rp2_common/pico_double/double_init_rom_rp2040.c.obj
 .rodata.missing_float_func_shim.str1.4
                0x10006d30        0x1 CMakeFiles/MPU6050pruebas.dir/C_/Users/Diego/.pico-sdk/sdk/2.1.1/src/rp2_common/pico_float/float_init_rom_rp2040.c.obj
 .rodata.str1.4
                0x10006d30       0x48 CMakeFiles/MPU6050pruebas.dir/C_/Users/Diego/.pico-sdk/sdk/2.1.1/src/rp2_common/pico_standard_binary_info/standard_binary_info.c.obj
 .rodata.__bi_84
                0x10006d30        0xc CMakeFiles/MPU6050pruebas.dir/C_/Users/Diego/.pico-sdk/sdk/2.1.1/src/rp2_common/pico_standard_binary_info/standard_binary_info.c.obj
 .rodata.__bi_78
                0x10006d3c        0xc CMakeFiles/MPU6050pruebas.dir/C_/Users/Diego/.pico-sdk/sdk/2.1.1/src/rp2_common/pico_standard_binary_info/standard_binary_info.c.obj
 .rodata.__bi_60
                0x10006d48        0xc CMakeFiles/MPU6050pruebas.dir/C_/Users/Diego/.pico-sdk/sdk/2.1.1/src/rp2_common/pico_standard_binary_info/standard_binary_info.c.obj
 .rodata.__bi_54
                0x10006d54        0xc CMakeFiles/MPU6050pruebas.dir/C_/Users/Diego/.pico-sdk/sdk/2.1.1/src/rp2_common/pico_standard_binary_info/standard_binary_info.c.obj
 .rodata.__bi_48
                0x10006d60        0xc CMakeFiles/MPU6050pruebas.dir/C_/Users/Diego/.pico-sdk/sdk/2.1.1/src/rp2_common/pico_standard_binary_info/standard_binary_info.c.obj
 .rodata.__bi_42
                0x10006d6c        0xc CMakeFiles/MPU6050pruebas.dir/C_/Users/Diego/.pico-sdk/sdk/2.1.1/src/rp2_common/pico_standard_binary_info/standard_binary_info.c.obj
 .rodata.__bi_34
                0x10006d78        0xc CMakeFiles/MPU6050pruebas.dir/C_/Users/Diego/.pico-sdk/sdk/2.1.1/src/rp2_common/pico_standard_binary_info/standard_binary_info.c.obj
 .rodata.__bi_26
                0x10006d84        0xc CMakeFiles/MPU6050pruebas.dir/C_/Users/Diego/.pico-sdk/sdk/2.1.1/src/rp2_common/pico_standard_binary_info/standard_binary_info.c.obj
 .rodata._ftoa.str1.4
                0x10006d90       0x15 CMakeFiles/MPU6050pruebas.dir/C_/Users/Diego/.pico-sdk/sdk/2.1.1/src/rp2_common/pico_printf/printf.c.obj
 .rodata._vsnprintf
                0x10006d90      0x19c CMakeFiles/MPU6050pruebas.dir/C_/Users/Diego/.pico-sdk/sdk/2.1.1/src/rp2_common/pico_printf/printf.c.obj
 *fill*         0x10006f2c        0x4 
 .rodata.pow10.0
                0x10006f30       0x50 CMakeFiles/MPU6050pruebas.dir/C_/Users/Diego/.pico-sdk/sdk/2.1.1/src/rp2_common/pico_printf/printf.c.obj
 .rodata.crlf_str.0
                0x10006f80        0x2 CMakeFiles/MPU6050pruebas.dir/C_/Users/Diego/.pico-sdk/sdk/2.1.1/src/rp2_common/pico_stdio/stdio.c.obj
 *fill*         0x10006f82        0x2 
 .rodata._resetd_driver
                0x10006f84       0x20 CMakeFiles/MPU6050pruebas.dir/C_/Users/Diego/.pico-sdk/sdk/2.1.1/src/rp2_common/pico_stdio_usb/reset_interface.c.obj
 .rodata.desc_ms_os_20
                0x10006fa4       0xa6 CMakeFiles/MPU6050pruebas.dir/C_/Users/Diego/.pico-sdk/sdk/2.1.1/src/rp2_common/pico_stdio_usb/reset_interface.c.obj
 *fill*         0x1000704a        0x2 
 .rodata.desc_bos
                0x1000704c       0x21 CMakeFiles/MPU6050pruebas.dir/C_/Users/Diego/.pico-sdk/sdk/2.1.1/src/rp2_common/pico_stdio_usb/reset_interface.c.obj
                0x1000704c                desc_bos
 .rodata.str1.4
                0x1000706d       0x13 CMakeFiles/MPU6050pruebas.dir/C_/Users/Diego/.pico-sdk/sdk/2.1.1/src/rp2_common/pico_stdio_usb/stdio_usb.c.obj
 *fill*         0x1000706d        0x3 
 .rodata.__bi_197.0
                0x10007070        0xc CMakeFiles/MPU6050pruebas.dir/C_/Users/Diego/.pico-sdk/sdk/2.1.1/src/rp2_common/pico_stdio_usb/stdio_usb.c.obj
 .rodata.str1.4
                0x1000707c       0x2a CMakeFiles/MPU6050pruebas.dir/C_/Users/Diego/.pico-sdk/sdk/2.1.1/src/rp2_common/pico_stdio_usb/stdio_usb_descriptors.c.obj
 .rodata.usbd_desc_str
                0x1000707c       0x18 CMakeFiles/MPU6050pruebas.dir/C_/Users/Diego/.pico-sdk/sdk/2.1.1/src/rp2_common/pico_stdio_usb/stdio_usb_descriptors.c.obj
 .rodata.usbd_desc_cfg
                0x10007094       0x54 CMakeFiles/MPU6050pruebas.dir/C_/Users/Diego/.pico-sdk/sdk/2.1.1/src/rp2_common/pico_stdio_usb/stdio_usb_descriptors.c.obj
 .rodata.usbd_desc_device
                0x100070e8       0x12 CMakeFiles/MPU6050pruebas.dir/C_/Users/Diego/.pico-sdk/sdk/2.1.1/src/rp2_common/pico_stdio_usb/stdio_usb_descriptors.c.obj
 .rodata.str1.4
                0x100070fa       0x14 CMakeFiles/MPU6050pruebas.dir/C_/Users/Diego/.pico-sdk/sdk/2.1.1/lib/tinyusb/src/portable/raspberrypi/rp2040/dcd_rp2040.c.obj
 .rodata.str1.4
                0x100070fa       0x48 CMakeFiles/MPU6050pruebas.dir/C_/Users/Diego/.pico-sdk/sdk/2.1.1/lib/tinyusb/src/portable/raspberrypi/rp2040/rp2040_usb.c.obj
 *fill*         0x100070fa        0x2 
 .rodata.tud_task_ext
                0x100070fc       0x8c CMakeFiles/MPU6050pruebas.dir/C_/Users/Diego/.pico-sdk/sdk/2.1.1/lib/tinyusb/src/device/usbd.c.obj
 .rodata        0x10007188       0x1c CMakeFiles/MPU6050pruebas.dir/C_/Users/Diego/.pico-sdk/sdk/2.1.1/lib/tinyusb/src/device/usbd.c.obj
 .rodata._usbd_driver
                0x100071a4       0x40 CMakeFiles/MPU6050pruebas.dir/C_/Users/Diego/.pico-sdk/sdk/2.1.1/lib/tinyusb/src/device/usbd.c.obj
                0x100071e4                        . = ALIGN (0x4)
 *(SORT_BY_ALIGNMENT(SORT_BY_NAME(.flashdata*)))
                0x100071e4                        . = ALIGN (0x4)

.ARM.extab
 *(.ARM.extab* .gnu.linkonce.armextab.*)
                0x100071e4                        __exidx_start = .

.ARM.exidx
 *(.ARM.exidx* .gnu.linkonce.armexidx.*)
                0x100071e4                        __exidx_end = .
                0x100071e4                        . = ALIGN (0x4)
                0x100071e4                        __binary_info_start = .

.binary_info    0x100071e4       0x28
 *(.binary_info.keep.*)
 .binary_info.keep.__bi_ptr101
                0x100071e4        0x4 CMakeFiles/MPU6050pruebas.dir/MPU6050pruebas.c.obj
 .binary_info.keep.__bi_ptr84
                0x100071e8        0x4 CMakeFiles/MPU6050pruebas.dir/C_/Users/Diego/.pico-sdk/sdk/2.1.1/src/rp2_common/pico_standard_binary_info/standard_binary_info.c.obj
 .binary_info.keep.__bi_ptr78
                0x100071ec        0x4 CMakeFiles/MPU6050pruebas.dir/C_/Users/Diego/.pico-sdk/sdk/2.1.1/src/rp2_common/pico_standard_binary_info/standard_binary_info.c.obj
 .binary_info.keep.__bi_ptr60
                0x100071f0        0x4 CMakeFiles/MPU6050pruebas.dir/C_/Users/Diego/.pico-sdk/sdk/2.1.1/src/rp2_common/pico_standard_binary_info/standard_binary_info.c.obj
 .binary_info.keep.__bi_ptr54
                0x100071f4        0x4 CMakeFiles/MPU6050pruebas.dir/C_/Users/Diego/.pico-sdk/sdk/2.1.1/src/rp2_common/pico_standard_binary_info/standard_binary_info.c.obj
 .binary_info.keep.__bi_ptr48
                0x100071f8        0x4 CMakeFiles/MPU6050pruebas.dir/C_/Users/Diego/.pico-sdk/sdk/2.1.1/src/rp2_common/pico_standard_binary_info/standard_binary_info.c.obj
 .binary_info.keep.__bi_ptr42
                0x100071fc        0x4 CMakeFiles/MPU6050pruebas.dir/C_/Users/Diego/.pico-sdk/sdk/2.1.1/src/rp2_common/pico_standard_binary_info/standard_binary_info.c.obj
 .binary_info.keep.__bi_ptr34
                0x10007200        0x4 CMakeFiles/MPU6050pruebas.dir/C_/Users/Diego/.pico-sdk/sdk/2.1.1/src/rp2_common/pico_standard_binary_info/standard_binary_info.c.obj
 .binary_info.keep.__bi_ptr26
                0x10007204        0x4 CMakeFiles/MPU6050pruebas.dir/C_/Users/Diego/.pico-sdk/sdk/2.1.1/src/rp2_common/pico_standard_binary_info/standard_binary_info.c.obj
 *(.binary_info.*)
 .binary_info.__bi_ptr197
                0x10007208        0x4 CMakeFiles/MPU6050pruebas.dir/C_/Users/Diego/.pico-sdk/sdk/2.1.1/src/rp2_common/pico_stdio_usb/stdio_usb.c.obj
                0x1000720c                        __binary_info_end = .

.rel.dyn        0x1000720c        0x0
 .rel.iplt      0x1000720c        0x0 C:/Users/Diego/.pico-sdk/toolchain/14_2_Rel1/bin/../lib/gcc/arm-none-eabi/14.2.1/thumb/v6-m/nofp/crtbegin.o
                0x1000720c                        . = ALIGN (0x4)

.ram_vector_table
                0x20000000       0xc0
 *(.ram_vector_table)
 .ram_vector_table
                0x20000000       0xc0 CMakeFiles/MPU6050pruebas.dir/C_/Users/Diego/.pico-sdk/sdk/2.1.1/src/rp2_common/pico_runtime_init/runtime_init.c.obj
                0x20000000                ram_vector_table

.uninitialized_data
                0x200000c0        0x0
                0x200000c0                        . = ALIGN (0x4)
 *(.uninitialized_data*)

.data           0x200000c0      0xfa8 load address 0x1000720c
                0x200000c0                        __data_start__ = .
 *(vtable)
 *(.time_critical*)
 .time_critical.mutex_try_enter
                0x200000c0       0x40 CMakeFiles/MPU6050pruebas.dir/C_/Users/Diego/.pico-sdk/sdk/2.1.1/src/common/pico_sync/mutex.c.obj
                0x200000c0                mutex_try_enter
 .time_critical.mutex_try_enter_block_until
                0x20000100       0x98 CMakeFiles/MPU6050pruebas.dir/C_/Users/Diego/.pico-sdk/sdk/2.1.1/src/common/pico_sync/mutex.c.obj
                0x20000100                mutex_try_enter_block_until
 .time_critical.mutex_enter_timeout_ms
                0x20000198       0x8c CMakeFiles/MPU6050pruebas.dir/C_/Users/Diego/.pico-sdk/sdk/2.1.1/src/common/pico_sync/mutex.c.obj
                0x20000198                mutex_enter_timeout_ms
 .time_critical.mutex_exit
                0x20000224       0x28 CMakeFiles/MPU6050pruebas.dir/C_/Users/Diego/.pico-sdk/sdk/2.1.1/src/common/pico_sync/mutex.c.obj
                0x20000224                mutex_exit
 .time_critical.flash_init_boot2_copyout
                0x2000024c       0x30 CMakeFiles/MPU6050pruebas.dir/C_/Users/Diego/.pico-sdk/sdk/2.1.1/src/rp2_common/hardware_flash/flash.c.obj
 .time_critical.flash_enable_xip_via_boot2
                0x2000027c        0xc CMakeFiles/MPU6050pruebas.dir/C_/Users/Diego/.pico-sdk/sdk/2.1.1/src/rp2_common/hardware_flash/flash.c.obj
 .time_critical.flash_cs_force
                0x20000288       0x38 CMakeFiles/MPU6050pruebas.dir/C_/Users/Diego/.pico-sdk/sdk/2.1.1/src/rp2_common/hardware_flash/flash.c.obj
 .time_critical.flash_do_cmd
                0x200002c0      0x130 CMakeFiles/MPU6050pruebas.dir/C_/Users/Diego/.pico-sdk/sdk/2.1.1/src/rp2_common/hardware_flash/flash.c.obj
                0x200002c0                flash_do_cmd
 .time_critical.reset_non_control_endpoints
                0x200003f0       0x68 CMakeFiles/MPU6050pruebas.dir/C_/Users/Diego/.pico-sdk/sdk/2.1.1/lib/tinyusb/src/portable/raspberrypi/rp2040/dcd_rp2040.c.obj
 .time_critical.hw_handle_buff_status
                0x20000458       0xa0 CMakeFiles/MPU6050pruebas.dir/C_/Users/Diego/.pico-sdk/sdk/2.1.1/lib/tinyusb/src/portable/raspberrypi/rp2040/dcd_rp2040.c.obj
 .time_critical.dcd_rp2040_irq
                0x200004f8      0x548 CMakeFiles/MPU6050pruebas.dir/C_/Users/Diego/.pico-sdk/sdk/2.1.1/lib/tinyusb/src/portable/raspberrypi/rp2040/dcd_rp2040.c.obj
 .time_critical.prepare_ep_buffer
                0x20000a40       0xc8 CMakeFiles/MPU6050pruebas.dir/C_/Users/Diego/.pico-sdk/sdk/2.1.1/lib/tinyusb/src/portable/raspberrypi/rp2040/rp2040_usb.c.obj
 .time_critical.sync_ep_buffer
                0x20000b08       0x9c CMakeFiles/MPU6050pruebas.dir/C_/Users/Diego/.pico-sdk/sdk/2.1.1/lib/tinyusb/src/portable/raspberrypi/rp2040/rp2040_usb.c.obj
 .time_critical._hw_endpoint_xfer_sync
                0x20000ba4       0x28 CMakeFiles/MPU6050pruebas.dir/C_/Users/Diego/.pico-sdk/sdk/2.1.1/lib/tinyusb/src/portable/raspberrypi/rp2040/rp2040_usb.c.obj
 .time_critical.e15_is_bulkin_ep
                0x20000bcc       0x28 CMakeFiles/MPU6050pruebas.dir/C_/Users/Diego/.pico-sdk/sdk/2.1.1/lib/tinyusb/src/portable/raspberrypi/rp2040/rp2040_usb.c.obj
 .time_critical.e15_is_critical_frame_period
                0x20000bf4       0x34 CMakeFiles/MPU6050pruebas.dir/C_/Users/Diego/.pico-sdk/sdk/2.1.1/lib/tinyusb/src/portable/raspberrypi/rp2040/rp2040_usb.c.obj
 .time_critical.hw_endpoint_reset_transfer
                0x20000c28        0xc CMakeFiles/MPU6050pruebas.dir/C_/Users/Diego/.pico-sdk/sdk/2.1.1/lib/tinyusb/src/portable/raspberrypi/rp2040/rp2040_usb.c.obj
                0x20000c28                hw_endpoint_reset_transfer
 .time_critical._hw_endpoint_buffer_control_update32
                0x20000c34       0x50 CMakeFiles/MPU6050pruebas.dir/C_/Users/Diego/.pico-sdk/sdk/2.1.1/lib/tinyusb/src/portable/raspberrypi/rp2040/rp2040_usb.c.obj
                0x20000c34                _hw_endpoint_buffer_control_update32
 .time_critical.hw_endpoint_start_next_buffer
                0x20000c84       0x68 CMakeFiles/MPU6050pruebas.dir/C_/Users/Diego/.pico-sdk/sdk/2.1.1/lib/tinyusb/src/portable/raspberrypi/rp2040/rp2040_usb.c.obj
                0x20000c84                hw_endpoint_start_next_buffer
 .time_critical.hw_endpoint_xfer_continue
                0x20000cec       0x40 CMakeFiles/MPU6050pruebas.dir/C_/Users/Diego/.pico-sdk/sdk/2.1.1/lib/tinyusb/src/portable/raspberrypi/rp2040/rp2040_usb.c.obj
                0x20000cec                hw_endpoint_xfer_continue
 .time_critical.tinyusb
                0x20000d2c      0x1e4 CMakeFiles/MPU6050pruebas.dir/C_/Users/Diego/.pico-sdk/sdk/2.1.1/lib/tinyusb/src/device/usbd.c.obj
                0x20000d2c                dcd_event_handler
 *(.text*)
 .text          0x20000f10        0x4 C:/Users/Diego/.pico-sdk/toolchain/14_2_Rel1/bin/../lib/gcc/arm-none-eabi/14.2.1/thumb/v6-m/nofp\libgcc.a(_dvmd_tls.o)
                0x20000f10                __aeabi_idiv0
                0x20000f10                __aeabi_ldiv0
 *fill*         0x20000f14        0x4 
 .text.__stub   0x20000f18       0x80 linker stubs
                0x20000f98                        . = ALIGN (0x4)
 *(.rodata*)
                0x20000f98                        . = ALIGN (0x4)
 *(.data*)
 .data.striped_spin_lock_num
                0x20000f98        0x1 CMakeFiles/MPU6050pruebas.dir/C_/Users/Diego/.pico-sdk/sdk/2.1.1/src/rp2_common/hardware_sync/sync.c.obj
 *fill*         0x20000f99        0x3 
 .data          0x20000f9c       0x48 CMakeFiles/MPU6050pruebas.dir/C_/Users/Diego/.pico-sdk/sdk/2.1.1/src/rp2_common/hardware_irq/irq_handler_chain.S.obj
                0x20000f9c                irq_handler_chain_slots
                0x20000fcc                irq_handler_chain_first_slot
                0x20000fd6                irq_handler_chain_remove_tail
 .data.default_alarm_pool
                0x20000fe4       0x18 CMakeFiles/MPU6050pruebas.dir/C_/Users/Diego/.pico-sdk/sdk/2.1.1/src/common/pico_time/time.c.obj
 *fill*         0x20000ffc        0x4 
 .data.aeabi_bits_funcs
                0x20001000       0x10 CMakeFiles/MPU6050pruebas.dir/C_/Users/Diego/.pico-sdk/sdk/2.1.1/src/rp2_common/pico_bit_ops/bit_ops_aeabi.S.obj
                0x20001000                aeabi_bits_funcs
                0x20001010                aeabi_bits_funcs_end
 .data.aeabi_mem_funcs
                0x20001010       0x10 CMakeFiles/MPU6050pruebas.dir/C_/Users/Diego/.pico-sdk/sdk/2.1.1/src/rp2_common/pico_mem_ops/mem_ops_aeabi.S.obj
                0x20001010                aeabi_mem_funcs
                0x20001020                aeabi_mem_funcs_end
 .data.stdio_usb
                0x20001020       0x18 CMakeFiles/MPU6050pruebas.dir/C_/Users/Diego/.pico-sdk/sdk/2.1.1/src/rp2_common/pico_stdio_usb/stdio_usb.c.obj
                0x20001020                stdio_usb
 .data._usbd_qdef
                0x20001038       0x1c CMakeFiles/MPU6050pruebas.dir/C_/Users/Diego/.pico-sdk/sdk/2.1.1/lib/tinyusb/src/device/usbd.c.obj
                0x20001038                _usbd_qdef
 .data._usbd_rhport
                0x20001054        0x1 CMakeFiles/MPU6050pruebas.dir/C_/Users/Diego/.pico-sdk/sdk/2.1.1/lib/tinyusb/src/device/usbd.c.obj
 *fill*         0x20001055        0x3 
 .data.i2c0_inst
                0x20001058        0x8 CMakeFiles/MPU6050pruebas.dir/C_/Users/Diego/.pico-sdk/sdk/2.1.1/src/rp2_common/hardware_i2c/i2c.c.obj
                0x20001058                i2c0_inst
                0x20001060                        . = ALIGN (0x4)
 *(.after_data.*)
                0x20001060                        . = ALIGN (0x4)
                0x20001060                        PROVIDE (__mutex_array_start = .)
 *(SORT_BY_NAME(.mutex_array.*))
 *(.mutex_array)
 .mutex_array   0x20001060        0x8 CMakeFiles/MPU6050pruebas.dir/C_/Users/Diego/.pico-sdk/sdk/2.1.1/src/rp2_common/pico_stdio/stdio.c.obj
                0x20001068                        PROVIDE (__mutex_array_end = .)
                0x20001068                        . = ALIGN (0x4)
 *(.jcr)
                0x20001068                        . = ALIGN (0x4)

.tm_clone_table
                0x20001068        0x0 load address 0x100081b4
 .tm_clone_table
                0x20001068        0x0 C:/Users/Diego/.pico-sdk/toolchain/14_2_Rel1/bin/../lib/gcc/arm-none-eabi/14.2.1/thumb/v6-m/nofp/crtbegin.o
 .tm_clone_table
                0x20001068        0x0 C:/Users/Diego/.pico-sdk/toolchain/14_2_Rel1/bin/../lib/gcc/arm-none-eabi/14.2.1/thumb/v6-m/nofp/crtend.o

.igot.plt       0x20001068        0x0 load address 0x100081b4
 .igot.plt      0x20001068        0x0 C:/Users/Diego/.pico-sdk/toolchain/14_2_Rel1/bin/../lib/gcc/arm-none-eabi/14.2.1/thumb/v6-m/nofp/crtbegin.o

.tdata          0x20001068        0x0 load address 0x100081b4
                0x20001068                        . = ALIGN (0x4)
 *(.tdata .tdata.* .gnu.linkonce.td.*)
                0x20001068                        __tdata_end = .
                0x20001068                        PROVIDE (__data_end__ = .)
                0x1000720c                        __etext = LOADADDR (.data)

.tbss           0x20001068        0x0 load address 0x100081b4
                0x20001068                        . = ALIGN (0x4)
                0x20001068                        __bss_start__ = .
                0x20001068                        __tls_base = .
 *(.tbss .tbss.* .gnu.linkonce.tb.*)
 *(.tcommon)
                0x20001068                        __tls_end = .

.bss            0x20001068      0xefc load address 0x100081b4
                0x20001068                        . = ALIGN (0x4)
                0x20001068                        __tbss_end = .
 *(SORT_BY_ALIGNMENT(SORT_BY_NAME(.bss*)))
 .bss.default_alarm_pool_entries
                0x20001068      0x180 CMakeFiles/MPU6050pruebas.dir/C_/Users/Diego/.pico-sdk/sdk/2.1.1/src/common/pico_time/time.c.obj
 .bss.last_avail_time.1
                0x200011e8        0x8 CMakeFiles/MPU6050pruebas.dir/C_/Users/Diego/.pico-sdk/sdk/2.1.1/src/rp2_common/pico_stdio_usb/stdio_usb.c.obj
 .bss.sd_table  0x200011f0      0x100 CMakeFiles/MPU6050pruebas.dir/C_/Users/Diego/.pico-sdk/sdk/2.1.1/src/rp2_common/pico_double/double_init_rom_rp2040.c.obj
                0x200011f0                sd_table
 .bss._app_driver
                0x200012f0        0x4 CMakeFiles/MPU6050pruebas.dir/C_/Users/Diego/.pico-sdk/sdk/2.1.1/lib/tinyusb/src/device/usbd.c.obj
 .bss._cdcd_epbuf
                0x200012f4       0x80 CMakeFiles/MPU6050pruebas.dir/C_/Users/Diego/.pico-sdk/sdk/2.1.1/lib/tinyusb/src/class/cdc/cdc_device.c.obj
 .bss._cdcd_fifo_cfg
                0x20001374        0x1 CMakeFiles/MPU6050pruebas.dir/C_/Users/Diego/.pico-sdk/sdk/2.1.1/lib/tinyusb/src/class/cdc/cdc_device.c.obj
 *fill*         0x20001375        0x3 
 .bss._cdcd_itf
                0x20001378       0xc8 CMakeFiles/MPU6050pruebas.dir/C_/Users/Diego/.pico-sdk/sdk/2.1.1/lib/tinyusb/src/class/cdc/cdc_device.c.obj
 .bss._ctrl_epbuf
                0x20001440       0x40 CMakeFiles/MPU6050pruebas.dir/C_/Users/Diego/.pico-sdk/sdk/2.1.1/lib/tinyusb/src/device/usbd_control.c.obj
 .bss._ctrl_xfer
                0x20001480       0x14 CMakeFiles/MPU6050pruebas.dir/C_/Users/Diego/.pico-sdk/sdk/2.1.1/lib/tinyusb/src/device/usbd_control.c.obj
 .bss._tusb_rhport_role
                0x20001494        0x2 CMakeFiles/MPU6050pruebas.dir/C_/Users/Diego/.pico-sdk/sdk/2.1.1/lib/tinyusb/src/tusb.c.obj
                0x20001494                _tusb_rhport_role
 *fill*         0x20001496        0x2 
 .bss._ubsd_mutexdef
                0x20001498        0x8 CMakeFiles/MPU6050pruebas.dir/C_/Users/Diego/.pico-sdk/sdk/2.1.1/lib/tinyusb/src/device/usbd.c.obj
 .bss._usbd_dev
                0x200014a0       0x54 CMakeFiles/MPU6050pruebas.dir/C_/Users/Diego/.pico-sdk/sdk/2.1.1/lib/tinyusb/src/device/usbd.c.obj
 .bss._usbd_mutex
                0x200014f4        0x4 CMakeFiles/MPU6050pruebas.dir/C_/Users/Diego/.pico-sdk/sdk/2.1.1/lib/tinyusb/src/device/usbd.c.obj
 .bss._usbd_q   0x200014f8        0x4 CMakeFiles/MPU6050pruebas.dir/C_/Users/Diego/.pico-sdk/sdk/2.1.1/lib/tinyusb/src/device/usbd.c.obj
 .bss._usbd_qdef_buf
                0x200014fc       0xc0 CMakeFiles/MPU6050pruebas.dir/C_/Users/Diego/.pico-sdk/sdk/2.1.1/lib/tinyusb/src/device/usbd.c.obj
                0x200014fc                _usbd_qdef_buf
 .bss._vendord_epbuf
                0x200015bc       0x80 CMakeFiles/MPU6050pruebas.dir/C_/Users/Diego/.pico-sdk/sdk/2.1.1/lib/tinyusb/src/class/vendor/vendor_device.c.obj
 .bss._vendord_itf
                0x2000163c      0x24c CMakeFiles/MPU6050pruebas.dir/C_/Users/Diego/.pico-sdk/sdk/2.1.1/lib/tinyusb/src/class/vendor/vendor_device.c.obj
 .bss.boot2_copyout
                0x20001888      0x100 CMakeFiles/MPU6050pruebas.dir/C_/Users/Diego/.pico-sdk/sdk/2.1.1/src/rp2_common/hardware_flash/flash.c.obj
 .bss.chars_available_callback
                0x20001988        0x4 CMakeFiles/MPU6050pruebas.dir/C_/Users/Diego/.pico-sdk/sdk/2.1.1/src/rp2_common/pico_stdio_usb/stdio_usb.c.obj
 .bss.chars_available_param
                0x2000198c        0x4 CMakeFiles/MPU6050pruebas.dir/C_/Users/Diego/.pico-sdk/sdk/2.1.1/src/rp2_common/pico_stdio_usb/stdio_usb.c.obj
 .bss.claimed   0x20001990        0x4 CMakeFiles/MPU6050pruebas.dir/C_/Users/Diego/.pico-sdk/sdk/2.1.1/src/rp2_common/hardware_sync/sync.c.obj
 .bss.claimed   0x20001994        0x1 CMakeFiles/MPU6050pruebas.dir/C_/Users/Diego/.pico-sdk/sdk/2.1.1/src/rp2_common/hardware_timer/timer.c.obj
 *fill*         0x20001995        0x3 
 .bss.configured_freq
                0x20001998       0x28 CMakeFiles/MPU6050pruebas.dir/C_/Users/Diego/.pico-sdk/sdk/2.1.1/src/rp2_common/hardware_clocks/clocks.c.obj
 .bss.desc_str.0
                0x200019c0       0x28 CMakeFiles/MPU6050pruebas.dir/C_/Users/Diego/.pico-sdk/sdk/2.1.1/src/rp2_common/pico_stdio_usb/stdio_usb_descriptors.c.obj
 .bss.drivers   0x200019e8        0x4 CMakeFiles/MPU6050pruebas.dir/C_/Users/Diego/.pico-sdk/sdk/2.1.1/src/rp2_common/pico_stdio/stdio.c.obj
 .bss.e15_last_sof
                0x200019ec        0x4 CMakeFiles/MPU6050pruebas.dir/C_/Users/Diego/.pico-sdk/sdk/2.1.1/lib/tinyusb/src/portable/raspberrypi/rp2040/rp2040_usb.c.obj
                0x200019ec                e15_last_sof
 .bss.filter    0x200019f0        0x4 CMakeFiles/MPU6050pruebas.dir/C_/Users/Diego/.pico-sdk/sdk/2.1.1/src/rp2_common/pico_stdio/stdio.c.obj
 .bss.hw_endpoints
                0x200019f4      0x400 CMakeFiles/MPU6050pruebas.dir/C_/Users/Diego/.pico-sdk/sdk/2.1.1/lib/tinyusb/src/portable/raspberrypi/rp2040/dcd_rp2040.c.obj
 .bss.lazy_vsnprintf
                0x20001df4        0x4 CMakeFiles/MPU6050pruebas.dir/C_/Users/Diego/.pico-sdk/sdk/2.1.1/src/rp2_common/pico_printf/printf.c.obj
 .bss.load_value
                0x20001df8        0x4 CMakeFiles/MPU6050pruebas.dir/C_/Users/Diego/.pico-sdk/sdk/2.1.1/src/rp2_common/hardware_watchdog/watchdog.c.obj
 .bss.next_buffer_ptr
                0x20001dfc        0x4 CMakeFiles/MPU6050pruebas.dir/C_/Users/Diego/.pico-sdk/sdk/2.1.1/lib/tinyusb/src/portable/raspberrypi/rp2040/dcd_rp2040.c.obj
 .bss.object.0  0x20001e00       0x18 C:/Users/Diego/.pico-sdk/toolchain/14_2_Rel1/bin/../lib/gcc/arm-none-eabi/14.2.1/thumb/v6-m/nofp/crtbegin.o
 .bss.one_shot_timer_crit_sec
                0x20001e18        0x8 CMakeFiles/MPU6050pruebas.dir/C_/Users/Diego/.pico-sdk/sdk/2.1.1/src/rp2_common/pico_stdio_usb/stdio_usb.c.obj
 .bss.pools     0x20001e20       0x10 CMakeFiles/MPU6050pruebas.dir/C_/Users/Diego/.pico-sdk/sdk/2.1.1/src/common/pico_time/time.c.obj
 .bss.retrieved_id
                0x20001e30        0x8 CMakeFiles/MPU6050pruebas.dir/C_/Users/Diego/.pico-sdk/sdk/2.1.1/src/rp2_common/pico_unique_id/unique_id.c.obj
 .bss.sf_clz_func
                0x20001e38        0x4 CMakeFiles/MPU6050pruebas.dir/C_/Users/Diego/.pico-sdk/sdk/2.1.1/src/rp2_common/pico_double/double_init_rom_rp2040.c.obj
                0x20001e38                sf_clz_func
 .bss.sf_table  0x20001e3c      0x100 CMakeFiles/MPU6050pruebas.dir/C_/Users/Diego/.pico-sdk/sdk/2.1.1/src/rp2_common/pico_float/float_init_rom_rp2040.c.obj
                0x20001e3c                sf_table
 .bss.sleep_notifier
                0x20001f3c        0x4 CMakeFiles/MPU6050pruebas.dir/C_/Users/Diego/.pico-sdk/sdk/2.1.1/src/common/pico_time/time.c.obj
 .bss.stdio_usb_mutex
                0x20001f40        0x8 CMakeFiles/MPU6050pruebas.dir/C_/Users/Diego/.pico-sdk/sdk/2.1.1/src/rp2_common/pico_stdio_usb/stdio_usb.c.obj
 .bss.usbd_serial_str
                0x20001f48       0x11 CMakeFiles/MPU6050pruebas.dir/C_/Users/Diego/.pico-sdk/sdk/2.1.1/src/rp2_common/pico_stdio_usb/stdio_usb_descriptors.c.obj
 .bss._app_driver_count
                0x20001f59        0x1 CMakeFiles/MPU6050pruebas.dir/C_/Users/Diego/.pico-sdk/sdk/2.1.1/lib/tinyusb/src/device/usbd.c.obj
 .bss._sof_enable
                0x20001f5a        0x1 CMakeFiles/MPU6050pruebas.dir/C_/Users/Diego/.pico-sdk/sdk/2.1.1/lib/tinyusb/src/portable/raspberrypi/rp2040/dcd_rp2040.c.obj
 .bss._usbd_queued_setup
                0x20001f5b        0x1 CMakeFiles/MPU6050pruebas.dir/C_/Users/Diego/.pico-sdk/sdk/2.1.1/lib/tinyusb/src/device/usbd.c.obj
 .bss.boot2_copyout_valid
                0x20001f5c        0x1 CMakeFiles/MPU6050pruebas.dir/C_/Users/Diego/.pico-sdk/sdk/2.1.1/src/rp2_common/hardware_flash/flash.c.obj
 .bss.irq_handler_chain_free_slot_head
                0x20001f5d        0x1 CMakeFiles/MPU6050pruebas.dir/C_/Users/Diego/.pico-sdk/sdk/2.1.1/src/rp2_common/hardware_irq/irq.c.obj
 .bss.itf_num   0x20001f5e        0x1 CMakeFiles/MPU6050pruebas.dir/C_/Users/Diego/.pico-sdk/sdk/2.1.1/src/rp2_common/pico_stdio_usb/reset_interface.c.obj
 .bss.low_priority_irq_num
                0x20001f5f        0x1 CMakeFiles/MPU6050pruebas.dir/C_/Users/Diego/.pico-sdk/sdk/2.1.1/src/rp2_common/pico_stdio_usb/stdio_usb.c.obj
 .bss.one_shot_timer_pending
                0x20001f60        0x1 CMakeFiles/MPU6050pruebas.dir/C_/Users/Diego/.pico-sdk/sdk/2.1.1/src/rp2_common/pico_stdio_usb/stdio_usb.c.obj
 .bss.user_irq_claimed
                0x20001f61        0x1 CMakeFiles/MPU6050pruebas.dir/C_/Users/Diego/.pico-sdk/sdk/2.1.1/src/rp2_common/hardware_irq/irq.c.obj
 *(COMMON)
                0x20001f64                        . = ALIGN (0x4)
 *fill*         0x20001f62        0x2 
                0x20001f64                        __bss_end__ = .

.heap           0x20001f64      0x800 load address 0x100081b4
                0x20001f64                        __end__ = .
                0x20001f64                        end = __end__
 *(.heap*)
 .heap          0x20001f64      0x800 CMakeFiles/MPU6050pruebas.dir/C_/Users/Diego/.pico-sdk/sdk/2.1.1/src/rp2_common/pico_crt0/crt0.S.obj
                0x20040000                        __HeapLimit = (ORIGIN (RAM) + LENGTH (RAM))

.scratch_x      0x20040000        0x0 load address 0x100081b4
                0x20040000                        __scratch_x_start__ = .
 *(.scratch_x.*)
                0x20040000                        . = ALIGN (0x4)
                0x20040000                        __scratch_x_end__ = .
                0x100081b4                        __scratch_x_source__ = LOADADDR (.scratch_x)

.scratch_y      0x20041000        0x0 load address 0x100081b4
                0x20041000                        __scratch_y_start__ = .
 *(.scratch_y.*)
                0x20041000                        . = ALIGN (0x4)
                0x20041000                        __scratch_y_end__ = .
                0x100081b4                        __scratch_y_source__ = LOADADDR (.scratch_y)

.stack1_dummy
 *(.stack1*)

.stack_dummy    0x20041000      0x800
 *(.stack*)
 .stack         0x20041000      0x800 CMakeFiles/MPU6050pruebas.dir/C_/Users/Diego/.pico-sdk/sdk/2.1.1/src/rp2_common/pico_crt0/crt0.S.obj

.flash_end      0x100081b4        0x0
 *(.embedded_end_block*)
                0x100081b4                        PROVIDE (__flash_binary_end = .)
                0x20040000                        __StackLimit = (ORIGIN (RAM) + LENGTH (RAM))
                0x20041000                        __StackOneTop = (ORIGIN (SCRATCH_X) + LENGTH (SCRATCH_X))
                0x20042000                        __StackTop = (ORIGIN (SCRATCH_Y) + LENGTH (SCRATCH_Y))
                0x20041000                        __StackOneBottom = (__StackOneTop - SIZEOF (.stack1_dummy))
                0x20041800                        __StackBottom = (__StackTop - SIZEOF (.stack_dummy))
                0x20042000                        PROVIDE (__stack = __StackTop)
                [!provide]                        PROVIDE (__heap_start = __end__)
                [!provide]                        PROVIDE (__heap_end = __HeapLimit)
                [!provide]                        PROVIDE (__tls_align = MAX (ALIGNOF (.tdata), ALIGNOF (.tbss)))
                [!provide]                        PROVIDE (__tls_size_align = (((__tls_size + __tls_align) - 0x1) & ~ ((__tls_align - 0x1))))
                [!provide]                        PROVIDE (__arm32_tls_tcb_offset = MAX (0x8, __tls_align))
                [!provide]                        PROVIDE (_end = __end__)
                [!provide]                        PROVIDE (__llvm_libc_heap_limit = __HeapLimit)
                0x00000001                        ASSERT ((__StackLimit >= __HeapLimit), region RAM overflowed)
                0x00000001                        ASSERT (((__binary_info_header_end - __logical_binary_start) <= 0x100), Binary info must be in first 256 bytes of the binary)
LOAD CMakeFiles/MPU6050pruebas.dir/MPU6050pruebas.c.obj
LOAD CMakeFiles/MPU6050pruebas.dir/C_/Users/Diego/.pico-sdk/sdk/2.1.1/src/rp2_common/pico_stdlib/stdlib.c.obj
LOAD CMakeFiles/MPU6050pruebas.dir/C_/Users/Diego/.pico-sdk/sdk/2.1.1/src/rp2_common/hardware_gpio/gpio.c.obj
LOAD CMakeFiles/MPU6050pruebas.dir/C_/Users/Diego/.pico-sdk/sdk/2.1.1/src/rp2040/pico_platform/platform.c.obj
LOAD CMakeFiles/MPU6050pruebas.dir/C_/Users/Diego/.pico-sdk/sdk/2.1.1/src/rp2_common/pico_platform_panic/panic.c.obj
LOAD CMakeFiles/MPU6050pruebas.dir/C_/Users/Diego/.pico-sdk/sdk/2.1.1/src/common/hardware_claim/claim.c.obj
LOAD CMakeFiles/MPU6050pruebas.dir/C_/Users/Diego/.pico-sdk/sdk/2.1.1/src/rp2_common/hardware_sync/sync.c.obj
LOAD CMakeFiles/MPU6050pruebas.dir/C_/Users/Diego/.pico-sdk/sdk/2.1.1/src/rp2_common/hardware_sync_spin_lock/sync_spin_lock.c.obj
LOAD CMakeFiles/MPU6050pruebas.dir/C_/Users/Diego/.pico-sdk/sdk/2.1.1/src/rp2_common/hardware_irq/irq.c.obj
LOAD CMakeFiles/MPU6050pruebas.dir/C_/Users/Diego/.pico-sdk/sdk/2.1.1/src/rp2_common/hardware_irq/irq_handler_chain.S.obj
LOAD CMakeFiles/MPU6050pruebas.dir/C_/Users/Diego/.pico-sdk/sdk/2.1.1/src/common/pico_sync/sem.c.obj
LOAD CMakeFiles/MPU6050pruebas.dir/C_/Users/Diego/.pico-sdk/sdk/2.1.1/src/common/pico_sync/lock_core.c.obj
LOAD CMakeFiles/MPU6050pruebas.dir/C_/Users/Diego/.pico-sdk/sdk/2.1.1/src/common/pico_sync/mutex.c.obj
LOAD CMakeFiles/MPU6050pruebas.dir/C_/Users/Diego/.pico-sdk/sdk/2.1.1/src/common/pico_sync/critical_section.c.obj
LOAD CMakeFiles/MPU6050pruebas.dir/C_/Users/Diego/.pico-sdk/sdk/2.1.1/src/common/pico_time/time.c.obj
LOAD CMakeFiles/MPU6050pruebas.dir/C_/Users/Diego/.pico-sdk/sdk/2.1.1/src/common/pico_time/timeout_helper.c.obj
LOAD CMakeFiles/MPU6050pruebas.dir/C_/Users/Diego/.pico-sdk/sdk/2.1.1/src/rp2_common/hardware_timer/timer.c.obj
LOAD CMakeFiles/MPU6050pruebas.dir/C_/Users/Diego/.pico-sdk/sdk/2.1.1/src/common/pico_util/datetime.c.obj
LOAD CMakeFiles/MPU6050pruebas.dir/C_/Users/Diego/.pico-sdk/sdk/2.1.1/src/common/pico_util/pheap.c.obj
LOAD CMakeFiles/MPU6050pruebas.dir/C_/Users/Diego/.pico-sdk/sdk/2.1.1/src/common/pico_util/queue.c.obj
LOAD CMakeFiles/MPU6050pruebas.dir/C_/Users/Diego/.pico-sdk/sdk/2.1.1/src/rp2_common/hardware_uart/uart.c.obj
LOAD CMakeFiles/MPU6050pruebas.dir/C_/Users/Diego/.pico-sdk/sdk/2.1.1/src/rp2_common/hardware_clocks/clocks.c.obj
LOAD CMakeFiles/MPU6050pruebas.dir/C_/Users/Diego/.pico-sdk/sdk/2.1.1/src/rp2_common/hardware_pll/pll.c.obj
LOAD CMakeFiles/MPU6050pruebas.dir/C_/Users/Diego/.pico-sdk/sdk/2.1.1/src/rp2_common/hardware_vreg/vreg.c.obj
LOAD CMakeFiles/MPU6050pruebas.dir/C_/Users/Diego/.pico-sdk/sdk/2.1.1/src/rp2_common/hardware_watchdog/watchdog.c.obj
LOAD CMakeFiles/MPU6050pruebas.dir/C_/Users/Diego/.pico-sdk/sdk/2.1.1/src/rp2_common/hardware_ticks/ticks.c.obj
LOAD CMakeFiles/MPU6050pruebas.dir/C_/Users/Diego/.pico-sdk/sdk/2.1.1/src/rp2_common/pico_bootrom/bootrom.c.obj
LOAD CMakeFiles/MPU6050pruebas.dir/C_/Users/Diego/.pico-sdk/sdk/2.1.1/src/rp2_common/pico_bootrom/bootrom_lock.c.obj